[LOAD] game_character_stats: character_stats.py
[LOAD] game_player_combos: player_combos.py
[LOAD] game_awakening_events: awakening_events.py
[DATA] characters=125 / combos=85 / awakenings=27
[touyama_v2] 固定チーム(Defender/search) 確定ステータス:
  夢の街: acc=0.76 hs=0.35 dodge=0.23 reaction=115 ability=FLASH
  いぐるん: acc=0.92 hs=0.43 dodge=0.42 reaction=161 ability=RECON
  ろびぃな: acc=0.80 hs=0.35 dodge=0.75 reaction=152 ability=SMOKE
  Tortlilyan: acc=1.00 hs=0.28 dodge=0.39 reaction=156 ability=HUNT
  えんぺん: acc=0.90 hs=0.60 dodge=0.37 reaction=155 ability=FLASH
[touyama_v2] 固定監視方向: {'夢の街': 'E', 'いぐるん': 'NW', 'ろびぃな': 'S', 'Tortlilyan': 'SW', 'えんぺん': 'SW'}
[touyama_v2][DIAG] 配置 夢の街, いぐるん, ろびぃな, Tortlilyan, えんぺん
[touyama_v2][DIAG] 夢の街 spawn=(1, 18) nearest_defense_dist=22 
[touyama_v2][DIAG] いぐるん spawn=(1, 19) nearest_defense_dist=21 
[touyama_v2][DIAG] ろびぃな spawn=(1, 20) nearest_defense_dist=20 
[touyama_v2][DIAG] Tortlilyan spawn=(1, 21) nearest_defense_dist=19 
[touyama_v2][DIAG] えんぺん spawn=(1, 22) nearest_defense_dist=18 
[touyama_v2] 固定チーム(Attacker/escort) 確定ステータス:
  夢の街: acc=0.76 hs=0.35 dodge=0.23 reaction=115 ability=FLASH
  いぐるん: acc=0.92 hs=0.43 dodge=0.42 reaction=161 ability=RECON
  ろびぃな: acc=0.80 hs=0.35 dodge=0.75 reaction=152 ability=SMOKE
  Tortlilyan: acc=1.00 hs=0.28 dodge=0.39 reaction=156 ability=HUNT
  えんぺん: acc=0.90 hs=0.60 dodge=0.37 reaction=155 ability=FLASH
[touyama_v2] 固定チーム(Attacker/guard) 確定ステータス:
  夢の街: acc=0.76 hs=0.35 dodge=0.23 reaction=115 ability=FLASH
  いぐるん: acc=0.92 hs=0.43 dodge=0.42 reaction=161 ability=RECON
  ろびぃな: acc=0.80 hs=0.35 dodge=0.75 reaction=152 ability=SMOKE
  Tortlilyan: acc=1.00 hs=0.28 dodge=0.39 reaction=156 ability=HUNT
  えんぺん: acc=0.90 hs=0.60 dodge=0.37 reaction=155 ability=FLASH
[touyama_v2] サイト別プラント地点・ガードポジション:
  site0: plant=(7, 40) guard_positions=[(8, 40), (9, 38), (9, 39), (9, 40), (10, 38)]
  site1: plant=(8, 3) guard_positions=[(10, 2), (10, 3), (11, 1), (11, 2), (12, 1)]
[omoko_v1] 固定チーム(Attacker/escort) 確定ステータス:
  ねこさん: acc=0.87 hs=0.42 dodge=0.42 reaction=142 ability=SMOKE
  とりさん: acc=0.70 hs=0.35 dodge=0.55 reaction=150 ability=RECON
  おもこ: acc=0.92 hs=0.67 dodge=0.72 reaction=67 ability=FLASH
  いぬさん: acc=0.95 hs=0.33 dodge=0.28 reaction=135 ability=FLASH
  ひつじさん: acc=0.93 hs=0.45 dodge=0.25 reaction=135 ability=SMOKE
[omoko_v1] 固定チーム(Attacker/guard) 確定ステータス:
  ねこさん: acc=0.87 hs=0.42 dodge=0.42 reaction=142 ability=SMOKE
  とりさん: acc=0.70 hs=0.35 dodge=0.55 reaction=150 ability=RECON
  おもこ: acc=0.92 hs=0.67 dodge=0.72 reaction=67 ability=FLASH
  いぬさん: acc=0.95 hs=0.33 dodge=0.28 reaction=135 ability=FLASH
  ひつじさん: acc=0.93 hs=0.45 dodge=0.25 reaction=135 ability=SMOKE
[omoko_v1] サイト別プラント地点・ガードポジション:
  site0: plant=(7, 40) guard_positions=[(3, 40), (10, 39), (2, 40), (10, 38), (3, 38)]
  site1: plant=(8, 3) guard_positions=[(8, 1), (7, 1), (10, 2), (13, 3), (13, 7)]
[omoko_v1] 固定チーム(Defender/search) 確定ステータス:
  ねこさん: acc=0.65 hs=0.20 dodge=0.20 reaction=120 ability=SMOKE
  とりさん: acc=0.55 hs=0.25 dodge=0.25 reaction=125 ability=RECON
  おもこ: acc=0.67 hs=0.67 dodge=0.67 reaction=67 ability=FLASH
  いぬさん: acc=0.70 hs=0.18 dodge=0.18 reaction=115 ability=FLASH
  ひつじさん: acc=0.68 hs=0.30 dodge=0.15 reaction=110 ability=SMOKE
[omoko_v1] 固定監視方向: {'ねこさん': 'SW', 'とりさん': 'S', 'おもこ': 'S', 'いぬさん': 'S', 'ひつじさん': 'W'}
[omoko_v1][DIAG] 配置 ねこさん, とりさん, おもこ, いぬさん, ひつじさん
[omoko_v1][DIAG] ねこさん spawn=(1, 18) nearest_defense_dist=12 
[omoko_v1][DIAG] とりさん spawn=(1, 19) nearest_defense_dist=13 
[omoko_v1][DIAG] おもこ spawn=(1, 20) nearest_defense_dist=12 
[omoko_v1][DIAG] いぬさん spawn=(1, 21) nearest_defense_dist=11 
[omoko_v1][DIAG] ひつじさん spawn=(1, 22) nearest_defense_dist=10 
MATCH OVER [OVERTIME]: マイチーム WINS! (14 - 12)
MATCH OVER: Omoko Gaming WINS! (13 - 3)
MATCH OVER: マイチーム WINS! (13 - 8)
