[LOAD] game_character_stats: character_stats.py
[LOAD] game_player_combos: player_combos.py
[LOAD] game_awakening_events: awakening_events.py
[DATA] characters=125 / combos=86 / awakenings=27
[touyama_v2] 固定チーム(Defender/search) 確定ステータス:
  夢の街: acc=0.76 hs=0.35 dodge=0.23 reaction=115 ability=FLASH
  いぐるん: acc=0.92 hs=0.43 dodge=0.42 reaction=161 ability=RECON
  ろびぃな: acc=0.80 hs=0.35 dodge=0.75 reaction=152 ability=SMOKE
  Tortlilyan: acc=1.00 hs=0.28 dodge=0.39 reaction=156 ability=HUNT
  えんぺん: acc=0.90 hs=0.60 dodge=0.37 reaction=155 ability=FLASH
[touyama_v2] 固定監視方向: {'夢の街': 'E', 'いぐるん': 'NW', 'ろびぃな': 'S', 'Tortlilyan': 'SW', 'えんぺん': 'SW'}
[touyama_v2][DIAG] 配置 夢の街, いぐるん, ろびぃな, Tortlilyan, えんぺん
[touyama_v2][DIAG] 夢の街 spawn=(1, 18) nearest_defense_dist=22 
[touyama_v2][DIAG] いぐるん spawn=(1, 19) nearest_defense_dist=21 
[touyama_v2][DIAG] ろびぃな spawn=(1, 20) nearest_defense_dist=20 
[touyama_v2][DIAG] Tortlilyan spawn=(1, 21) nearest_defense_dist=19 
[touyama_v2][DIAG] えんぺん spawn=(1, 22) nearest_defense_dist=18 
[touyama_v2] 固定チーム(Attacker/escort) 確定ステータス:
  夢の街: acc=0.76 hs=0.35 dodge=0.23 reaction=115 ability=FLASH
  いぐるん: acc=0.92 hs=0.43 dodge=0.42 reaction=161 ability=RECON
  ろびぃな: acc=0.80 hs=0.35 dodge=0.75 reaction=152 ability=SMOKE
  Tortlilyan: acc=1.00 hs=0.28 dodge=0.39 reaction=156 ability=HUNT
  えんぺん: acc=0.90 hs=0.60 dodge=0.37 reaction=155 ability=FLASH
[touyama_v2] 固定チーム(Attacker/guard) 確定ステータス:
  夢の街: acc=0.76 hs=0.35 dodge=0.23 reaction=115 ability=FLASH
  いぐるん: acc=0.92 hs=0.43 dodge=0.42 reaction=161 ability=RECON
  ろびぃな: acc=0.80 hs=0.35 dodge=0.75 reaction=152 ability=SMOKE
  Tortlilyan: acc=1.00 hs=0.28 dodge=0.39 reaction=156 ability=HUNT
  えんぺん: acc=0.90 hs=0.60 dodge=0.37 reaction=155 ability=FLASH
[touyama_v2] サイト別プラント地点・ガードポジション:
  site0: plant=(7, 40) guard_positions=[(8, 40), (9, 38), (9, 39), (9, 40), (10, 38)]
  site1: plant=(8, 3) guard_positions=[(10, 2), (10, 3), (11, 1), (11, 2), (12, 1)]
[omoko_v1] 固定チーム(Attacker/escort) 確定ステータス:
  ねこさん: acc=0.87 hs=0.42 dodge=0.42 reaction=142 ability=SMOKE
  とりさん: acc=0.70 hs=0.35 dodge=0.55 reaction=150 ability=RECON
  おもこ: acc=0.92 hs=0.67 dodge=0.72 reaction=67 ability=FLASH
  いぬさん: acc=0.95 hs=0.33 dodge=0.28 reaction=135 ability=FLASH
  ひつじさん: acc=0.93 hs=0.45 dodge=0.25 reaction=135 ability=SMOKE
[omoko_v1] 固定チーム(Attacker/guard) 確定ステータス:
  ねこさん: acc=0.87 hs=0.42 dodge=0.42 reaction=142 ability=SMOKE
  とりさん: acc=0.70 hs=0.35 dodge=0.55 reaction=150 ability=RECON
  おもこ: acc=0.92 hs=0.67 dodge=0.72 reaction=67 ability=FLASH
  いぬさん: acc=0.95 hs=0.33 dodge=0.28 reaction=135 ability=FLASH
  ひつじさん: acc=0.93 hs=0.45 dodge=0.25 reaction=135 ability=SMOKE
[omoko_v1] サイト別プラント地点・ガードポジション:
  site0: plant=(7, 40) guard_positions=[(3, 40), (10, 39), (2, 40), (10, 38), (3, 38)]
  site1: plant=(8, 3) guard_positions=[(8, 1), (7, 1), (10, 2), (13, 3), (13, 7)]
[omoko_v1] 固定チーム(Defender/search) 確定ステータス:
  ねこさん: acc=0.65 hs=0.20 dodge=0.20 reaction=120 ability=SMOKE
  とりさん: acc=0.55 hs=0.25 dodge=0.25 reaction=125 ability=RECON
  おもこ: acc=0.67 hs=0.67 dodge=0.67 reaction=67 ability=FLASH
  いぬさん: acc=0.70 hs=0.18 dodge=0.18 reaction=115 ability=FLASH
  ひつじさん: acc=0.68 hs=0.30 dodge=0.15 reaction=110 ability=SMOKE
[omoko_v1] 固定監視方向: {'ねこさん': 'SW', 'とりさん': 'S', 'おもこ': 'S', 'いぬさん': 'S', 'ひつじさん': 'W'}
[omoko_v1][DIAG] 配置 ねこさん, とりさん, おもこ, いぬさん, ひつじさん
[omoko_v1][DIAG] ねこさん spawn=(1, 18) nearest_defense_dist=12 
[omoko_v1][DIAG] とりさん spawn=(1, 19) nearest_defense_dist=13 
[omoko_v1][DIAG] おもこ spawn=(1, 20) nearest_defense_dist=12 
[omoko_v1][DIAG] いぬさん spawn=(1, 21) nearest_defense_dist=11 
[omoko_v1][DIAG] ひつじさん spawn=(1, 22) nearest_defense_dist=10 
rotation: Furina Classic (frc_v1) -> Touyama Gaming (touyama_gaming_v2) -> Omoko Gaming (omoko_gaming_v1) -> Fnatic2023 (fnatic_v3) -> SUPES (toru_ai_v3.1)
Guard only; source episode=2750; offset=675; additional_episodes=325; output=gc_v1\data\guard_reposition_20261002_combo_update
[BASELINE] episodes=150 far=0.117
[REVALIDATE previous_winner] episode=300 far=0.283 safe=True
[REVALIDATE warm_start] episode=675 far=0.278 safe=False
[EP 680] opponent=SUPES mode=far far=0/2 demo=87 td=5.875866889953613 demo_loss=0.05973710119724274 seconds=11
[EP 685] opponent=SUPES mode=mid far=1/3 demo=170 td=4.043277740478516 demo_loss=0.14968053996562958 seconds=20
[EP 690] opponent=SUPES mode=transition far=0/0 demo=176 td=2.36431884765625 demo_loss=0.12251725047826767 seconds=29
[EP 695] opponent=SUPES mode=hold far=0/0 demo=221 td=2.4897284507751465 demo_loss=0.04734553396701813 seconds=39
[EP 700] opponent=SUPES mode=natural far=0/0 demo=53 td=1.9613646268844604 demo_loss=0.047554001212120056 seconds=58
[EVAL 700] far=0.283 stall=0.005 postplant_win=0.556 safe=False best=300
[EP 705] opponent=SUPES mode=far far=1/3 demo=213 td=1.3875932693481445 demo_loss=0.12521670758724213 seconds=302
[EP 710] opponent=SUPES mode=mid far=0/3 demo=127 td=2.9965052604675293 demo_loss=0.10199163854122162 seconds=313
[EP 715] opponent=SUPES mode=transition far=0/0 demo=219 td=2.7832109928131104 demo_loss=0.08544635772705078 seconds=324
[EP 720] opponent=SUPES mode=hold far=0/0 demo=234 td=2.257904529571533 demo_loss=0.0662527084350586 seconds=334
[EP 725] opponent=SUPES mode=natural far=0/3 demo=59 td=1.6571557521820068 demo_loss=0.03505730628967285 seconds=360
[EP 730] opponent=SUPES mode=far far=0/3 demo=61 td=3.1767029762268066 demo_loss=0.04852592945098877 seconds=370
[EP 735] opponent=SUPES mode=mid far=0/3 demo=86 td=2.0722405910491943 demo_loss=0.03203660249710083 seconds=381
[EP 740] opponent=SUPES mode=transition far=0/0 demo=75 td=1.6568681001663208 demo_loss=0.11242157220840454 seconds=392
[EP 745] opponent=SUPES mode=hold far=0/0 demo=147 td=2.0376088619232178 demo_loss=0.07194197177886963 seconds=403
[EP 750] opponent=SUPES mode=natural far=1/2 demo=172 td=3.379063129425049 demo_loss=0.09025130420923233 seconds=425
[EP 755] opponent=SUPES mode=far far=0/3 demo=73 td=3.422940254211426 demo_loss=0.057378701865673065 seconds=438
[EP 760] opponent=SUPES mode=mid far=1/3 demo=172 td=4.1553192138671875 demo_loss=0.12117630243301392 seconds=451
[EP 765] opponent=SUPES mode=transition far=0/0 demo=124 td=3.0716605186462402 demo_loss=0.07495331764221191 seconds=464
[EP 770] opponent=SUPES mode=hold far=0/0 demo=71 td=1.4281944036483765 demo_loss=0.03303113579750061 seconds=475
[EP 775] opponent=SUPES mode=natural far=1/3 demo=105 td=3.1477630138397217 demo_loss=0.032377347350120544 seconds=498
[EP 780] opponent=SUPES mode=far far=0/2 demo=138 td=2.797386884689331 demo_loss=0.08676208555698395 seconds=511
[EP 785] opponent=SUPES mode=mid far=0/3 demo=197 td=3.367400884628296 demo_loss=0.08266390860080719 seconds=524
[EP 790] opponent=SUPES mode=transition far=0/0 demo=217 td=3.8127589225769043 demo_loss=0.09392564743757248 seconds=537
[EP 795] opponent=SUPES mode=hold far=0/0 demo=243 td=2.557668685913086 demo_loss=0.056955382227897644 seconds=550
[EP 800] opponent=SUPES mode=natural far=0/0 demo=191 td=2.962308406829834 demo_loss=0.05419108644127846 seconds=576
[EVAL 800] far=0.278 stall=0.007 postplant_win=0.563 safe=True best=300
[EP 805] opponent=SUPES mode=far far=0/2 demo=122 td=2.200437307357788 demo_loss=0.0692136287689209 seconds=892
[EP 810] opponent=SUPES mode=mid far=1/3 demo=170 td=1.8431341648101807 demo_loss=0.055800750851631165 seconds=903
[EP 815] opponent=SUPES mode=transition far=0/0 demo=161 td=2.1915011405944824 demo_loss=0.06672094762325287 seconds=915
[EP 820] opponent=SUPES mode=hold far=0/0 demo=173 td=2.219203233718872 demo_loss=0.0871121734380722 seconds=926
[EP 825] opponent=SUPES mode=natural far=1/3 demo=165 td=2.526364326477051 demo_loss=0.07958048582077026 seconds=950
[EP 830] opponent=SUPES mode=far far=0/3 demo=139 td=2.274399995803833 demo_loss=0.05408811569213867 seconds=962
[EP 835] opponent=SUPES mode=mid far=1/3 demo=137 td=1.8038341999053955 demo_loss=0.13260486721992493 seconds=974
[EP 840] opponent=SUPES mode=transition far=0/1 demo=103 td=2.7715017795562744 demo_loss=0.06296304613351822 seconds=987
[EP 845] opponent=SUPES mode=hold far=0/0 demo=36 td=2.059250593185425 demo_loss=0.11221663653850555 seconds=996
[EP 850] opponent=SUPES mode=natural far=0/0 demo=134 td=2.274139404296875 demo_loss=0.04325549304485321 seconds=1020
[EP 855] opponent=SUPES mode=far far=0/3 demo=83 td=2.900663375854492 demo_loss=0.1540643721818924 seconds=1029
[EP 860] opponent=SUPES mode=mid far=0/2 demo=84 td=1.5390092134475708 demo_loss=0.10827070474624634 seconds=1038
[EP 865] opponent=SUPES mode=transition far=0/0 demo=59 td=3.6211354732513428 demo_loss=0.06028851866722107 seconds=1053
[EP 870] opponent=SUPES mode=hold far=0/0 demo=167 td=2.568248748779297 demo_loss=0.14360514283180237 seconds=1063
[EP 875] opponent=SUPES mode=natural far=0/0 demo=196 td=2.262773275375366 demo_loss=0.04425958916544914 seconds=1089
[EP 880] opponent=SUPES mode=far far=0/2 demo=173 td=1.0714051723480225 demo_loss=0.03852264583110809 seconds=1102
[EP 885] opponent=SUPES mode=mid far=1/3 demo=147 td=1.4673300981521606 demo_loss=0.0967189222574234 seconds=1113
[EP 890] opponent=SUPES mode=transition far=0/0 demo=164 td=2.7451884746551514 demo_loss=0.08651256561279297 seconds=1125
[EP 895] opponent=SUPES mode=hold far=0/0 demo=231 td=2.06123948097229 demo_loss=0.16439414024353027 seconds=1138
[EP 900] opponent=SUPES mode=natural far=1/4 demo=203 td=4.208164215087891 demo_loss=0.0588158518075943 seconds=1163
[EVAL 900] far=0.288 stall=0.007 postplant_win=0.563 safe=False best=300
[EP 905] opponent=SUPES mode=far far=2/3 demo=170 td=2.6043148040771484 demo_loss=0.07902588695287704 seconds=1459
[EP 910] opponent=SUPES mode=mid far=1/3 demo=116 td=2.109182596206665 demo_loss=0.05903288722038269 seconds=1473
[EP 915] opponent=SUPES mode=transition far=0/0 demo=128 td=4.005025386810303 demo_loss=0.11510628461837769 seconds=1488
[EP 920] opponent=SUPES mode=hold far=0/0 demo=176 td=3.332179069519043 demo_loss=0.0630788654088974 seconds=1502
[EP 925] opponent=SUPES mode=natural far=0/2 demo=143 td=4.376691818237305 demo_loss=0.09639261662960052 seconds=1529
[EP 930] opponent=SUPES mode=far far=3/3 demo=202 td=2.5880839824676514 demo_loss=0.030086658895015717 seconds=1543
[EP 935] opponent=SUPES mode=mid far=0/3 demo=117 td=2.2084877490997314 demo_loss=0.1176559329032898 seconds=1558
[EP 940] opponent=SUPES mode=transition far=0/1 demo=151 td=2.240447521209717 demo_loss=0.08524230122566223 seconds=1570
[EP 945] opponent=SUPES mode=hold far=0/0 demo=112 td=3.682878255844116 demo_loss=0.13768291473388672 seconds=1582
[EP 950] opponent=SUPES mode=natural far=0/0 demo=0 td=2.718280553817749 demo_loss=0.16530925035476685 seconds=1610
[EP 955] opponent=SUPES mode=far far=1/2 demo=146 td=2.47446870803833 demo_loss=0.0737358033657074 seconds=1623
[EP 960] opponent=SUPES mode=mid far=0/3 demo=42 td=3.6940319538116455 demo_loss=0.061149634420871735 seconds=1636
[EP 965] opponent=SUPES mode=transition far=0/0 demo=139 td=2.012152671813965 demo_loss=0.03809678927063942 seconds=1648
[EP 970] opponent=SUPES mode=hold far=0/0 demo=93 td=3.043687582015991 demo_loss=0.05098148435354233 seconds=1661
[EP 975] opponent=SUPES mode=natural far=0/0 demo=0 td=2.89054012298584 demo_loss=0.08268389105796814 seconds=1690
[EP 980] opponent=SUPES mode=far far=0/3 demo=73 td=3.672196388244629 demo_loss=0.018486380577087402 seconds=1702
[EP 985] opponent=SUPES mode=mid far=0/3 demo=67 td=2.1625781059265137 demo_loss=0.08897735178470612 seconds=1715
[EP 990] opponent=SUPES mode=transition far=0/0 demo=207 td=4.230326175689697 demo_loss=0.14065763354301453 seconds=1733
[EP 995] opponent=SUPES mode=hold far=0/0 demo=237 td=4.0487189292907715 demo_loss=0.03862127661705017 seconds=1753
[EP 1000] opponent=SUPES mode=natural far=1/1 demo=196 td=2.783370018005371 demo_loss=0.11111871898174286 seconds=1790
[EVAL 1000] far=0.283 stall=0.006 postplant_win=0.563 safe=False best=300
{"best_episode": 300, "completed_episodes": 1000, "interrupted": false, "frozen_weights_unchanged": true, "candidate_qualified": false}
