[LOAD] game_character_stats: character_stats.py
[LOAD] game_player_combos: player_combos.py
[LOAD] game_awakening_events: awakening_events.py
[DATA] characters=125 / combos=85 / awakenings=27
[touyama_v2] 固定チーム(Defender/search) 確定ステータス:
  夢の街: acc=0.76 hs=0.35 dodge=0.23 reaction=115 ability=FLASH
  いぐるん: acc=0.92 hs=0.43 dodge=0.42 reaction=161 ability=RECON
  ろびぃな: acc=0.80 hs=0.35 dodge=0.75 reaction=152 ability=SMOKE
  Tortlilyan: acc=1.00 hs=0.28 dodge=0.39 reaction=156 ability=HUNT
  えんぺん: acc=0.90 hs=0.60 dodge=0.37 reaction=155 ability=FLASH
[touyama_v2] 固定監視方向: {'夢の街': 'E', 'いぐるん': 'NW', 'ろびぃな': 'S', 'Tortlilyan': 'SW', 'えんぺん': 'SW'}
[touyama_v2][DIAG] 配置 夢の街, いぐるん, ろびぃな, Tortlilyan, えんぺん
[touyama_v2][DIAG] 夢の街 spawn=(1, 18) nearest_defense_dist=22 
[touyama_v2][DIAG] いぐるん spawn=(1, 19) nearest_defense_dist=21 
[touyama_v2][DIAG] ろびぃな spawn=(1, 20) nearest_defense_dist=20 
[touyama_v2][DIAG] Tortlilyan spawn=(1, 21) nearest_defense_dist=19 
[touyama_v2][DIAG] えんぺん spawn=(1, 22) nearest_defense_dist=18 
[touyama_v2] 固定チーム(Attacker/escort) 確定ステータス:
  夢の街: acc=0.76 hs=0.35 dodge=0.23 reaction=115 ability=FLASH
  いぐるん: acc=0.92 hs=0.43 dodge=0.42 reaction=161 ability=RECON
  ろびぃな: acc=0.80 hs=0.35 dodge=0.75 reaction=152 ability=SMOKE
  Tortlilyan: acc=1.00 hs=0.28 dodge=0.39 reaction=156 ability=HUNT
  えんぺん: acc=0.90 hs=0.60 dodge=0.37 reaction=155 ability=FLASH
[touyama_v2] 固定チーム(Attacker/guard) 確定ステータス:
  夢の街: acc=0.76 hs=0.35 dodge=0.23 reaction=115 ability=FLASH
  いぐるん: acc=0.92 hs=0.43 dodge=0.42 reaction=161 ability=RECON
  ろびぃな: acc=0.80 hs=0.35 dodge=0.75 reaction=152 ability=SMOKE
  Tortlilyan: acc=1.00 hs=0.28 dodge=0.39 reaction=156 ability=HUNT
  えんぺん: acc=0.90 hs=0.60 dodge=0.37 reaction=155 ability=FLASH
[touyama_v2] サイト別プラント地点・ガードポジション:
  site0: plant=(7, 40) guard_positions=[(8, 40), (9, 38), (9, 39), (9, 40), (10, 38)]
  site1: plant=(8, 3) guard_positions=[(10, 2), (10, 3), (11, 1), (11, 2), (12, 1)]
[omoko_v1] 固定チーム(Attacker/escort) 確定ステータス:
  ねこさん: acc=0.87 hs=0.42 dodge=0.42 reaction=142 ability=SMOKE
  とりさん: acc=0.70 hs=0.35 dodge=0.55 reaction=150 ability=RECON
  おもこ: acc=0.92 hs=0.67 dodge=0.72 reaction=67 ability=FLASH
  いぬさん: acc=0.95 hs=0.33 dodge=0.28 reaction=135 ability=FLASH
  ひつじさん: acc=0.93 hs=0.45 dodge=0.25 reaction=135 ability=SMOKE
[omoko_v1] 固定チーム(Attacker/guard) 確定ステータス:
  ねこさん: acc=0.87 hs=0.42 dodge=0.42 reaction=142 ability=SMOKE
  とりさん: acc=0.70 hs=0.35 dodge=0.55 reaction=150 ability=RECON
  おもこ: acc=0.92 hs=0.67 dodge=0.72 reaction=67 ability=FLASH
  いぬさん: acc=0.95 hs=0.33 dodge=0.28 reaction=135 ability=FLASH
  ひつじさん: acc=0.93 hs=0.45 dodge=0.25 reaction=135 ability=SMOKE
[omoko_v1] サイト別プラント地点・ガードポジション:
  site0: plant=(7, 40) guard_positions=[(3, 40), (10, 39), (2, 40), (10, 38), (3, 38)]
  site1: plant=(8, 3) guard_positions=[(8, 1), (7, 1), (10, 2), (13, 3), (13, 7)]
[omoko_v1] 固定チーム(Defender/search) 確定ステータス:
  ねこさん: acc=0.65 hs=0.20 dodge=0.20 reaction=120 ability=SMOKE
  とりさん: acc=0.55 hs=0.25 dodge=0.25 reaction=125 ability=RECON
  おもこ: acc=0.67 hs=0.67 dodge=0.67 reaction=67 ability=FLASH
  いぬさん: acc=0.70 hs=0.18 dodge=0.18 reaction=115 ability=FLASH
  ひつじさん: acc=0.68 hs=0.30 dodge=0.15 reaction=110 ability=SMOKE
[omoko_v1] 固定監視方向: {'ねこさん': 'SW', 'とりさん': 'S', 'おもこ': 'S', 'いぬさん': 'S', 'ひつじさん': 'W'}
[omoko_v1][DIAG] 配置 ねこさん, とりさん, おもこ, いぬさん, ひつじさん
[omoko_v1][DIAG] ねこさん spawn=(1, 18) nearest_defense_dist=12 
[omoko_v1][DIAG] とりさん spawn=(1, 19) nearest_defense_dist=13 
[omoko_v1][DIAG] おもこ spawn=(1, 20) nearest_defense_dist=12 
[omoko_v1][DIAG] いぬさん spawn=(1, 21) nearest_defense_dist=11 
[omoko_v1][DIAG] ひつじさん spawn=(1, 22) nearest_defense_dist=10 
[GC v1] loaded LearningDefenderSearchGCController: C:\Users\ronet\MyProject\git\AI_dnn\03.game\gc_v1\data\defender_search_gc_data\dqn_defender_search_gc_best_by_eval.pt
[GC v1] loaded LearningDefenderRetakeGCController: C:\Users\ronet\MyProject\git\AI_dnn\03.game\gc_v1\data\defender_retake_gc_data\dqn_defender_retake_gc_best_by_eval.pt
[GC v1][D] search=True retake=True
[GC D-SETUP] preserving checkpoint opponent slots; unknown opponents use a zero vector
[GC D-SETUP] loaded C:\Users\ronet\MyProject\git\AI_dnn\03.game\gc_v1\data\defender_setup_gc_data\dqn_defender_setup_gc_best.pt episode=400 bestSetup=+0.8962 allArrived=1.000 variations=('BALANCED', 'LEFT_LEAN', 'RIGHT_LEAN')
[GC D-OPENING] loaded C:\Users\ronet\MyProject\git\AI_dnn\03.game\gc_v1\data\defender_opening_macro_gc_data\dqn_defender_opening_macro_gc_final.pt episode=9200 bestWR=1.000
[GC D-SETUP] assignments=C0M->(6, 6), SyouTa->(6, 12), Absol->(6, 17), Cryocells->(2, 35), SugarZ3ro->(7, 31)
[GC D-OPENING] setup variation=LEFT_LEAN
[GC D-OPENING] PLAN SMOKE#5 caster=SugarZ3ro origin=None target=(22, 40)
[GC D-OPENING] PLAN FLASH#2 caster=Absol origin=(8, 3) target=(16, 3)
[GC D-OPENING] PLAN RECON#2 caster=C0M origin=(13, 6) target=(13, 7)
[GC D-OPENING] EXECUTE SMOKE#5 SugarZ3ro -> (22, 40) tick=20
[GC D-OPENING] CANCEL FLASH#2 reason=OPENING_TIMEOUT
[GC D-OPENING] CANCEL RECON#2 reason=OPENING_TIMEOUT
[GC D-SETUP] assignments=C0M->(6, 6), SyouTa->(6, 12), Absol->(6, 17), Cryocells->(2, 35), SugarZ3ro->(7, 31)
[GC D-OPENING] setup variation=LEFT_LEAN
[GC D-OPENING] PLAN SMOKE#5 caster=SugarZ3ro origin=None target=(22, 40)
[GC D-OPENING] PLAN FLASH#2 caster=Absol origin=(8, 3) target=(16, 3)
[GC D-OPENING] PLAN RECON#2 caster=C0M origin=(13, 6) target=(13, 7)
[GC D-OPENING] EXECUTE SMOKE#5 SugarZ3ro -> (22, 40) tick=20
[GC D-OPENING] CANCEL FLASH#2 reason=OPENING_TIMEOUT
[GC D-OPENING] CANCEL RECON#2 reason=OPENING_TIMEOUT
[GC D-SETUP] assignments=C0M->(6, 6), SyouTa->(6, 12), Absol->(6, 17), Cryocells->(2, 35), SugarZ3ro->(7, 31)
[GC D-OPENING] setup variation=LEFT_LEAN
[GC D-OPENING] PLAN SMOKE#5 caster=SugarZ3ro origin=None target=(22, 40)
[GC D-OPENING] PLAN FLASH#2 caster=Absol origin=(8, 3) target=(16, 3)
[GC D-OPENING] PLAN RECON#2 caster=C0M origin=(13, 6) target=(13, 7)
[GC D-OPENING] EXECUTE SMOKE#5 SugarZ3ro -> (22, 40) tick=24
[GC D-OPENING] CANCEL FLASH#2 reason=OPENING_TIMEOUT
[GC D-OPENING] CANCEL RECON#2 reason=OPENING_TIMEOUT
[GC D-SETUP] assignments=C0M->(6, 6), SyouTa->(6, 12), Absol->(6, 17), Cryocells->(2, 35), SugarZ3ro->(7, 31)
[GC D-OPENING] setup variation=RIGHT_LEAN
[GC D-OPENING] PLAN SMOKE#5 caster=SugarZ3ro origin=None target=(22, 40)
[GC D-OPENING] PLAN FLASH#2 caster=Absol origin=(8, 3) target=(16, 3)
[GC D-OPENING] PLAN RECON#2 caster=C0M origin=(13, 6) target=(13, 7)
[GC D-OPENING] EXECUTE SMOKE#5 SugarZ3ro -> (22, 40) tick=20
[GC D-OPENING] CANCEL FLASH#2 reason=OPENING_TIMEOUT
[GC D-OPENING] CANCEL RECON#2 reason=OPENING_TIMEOUT
[GC D-SETUP] assignments=C0M->(6, 6), SyouTa->(6, 12), Absol->(6, 17), Cryocells->(2, 35), SugarZ3ro->(7, 31)
[GC D-OPENING] setup variation=RIGHT_LEAN
[GC D-OPENING] PLAN SMOKE#5 caster=SugarZ3ro origin=None target=(22, 40)
[GC D-OPENING] PLAN FLASH#2 caster=Absol origin=(8, 3) target=(16, 3)
[GC D-OPENING] PLAN RECON#2 caster=C0M origin=(13, 6) target=(13, 7)
[GC D-OPENING] EXECUTE SMOKE#5 SugarZ3ro -> (22, 40) tick=20
[GC D-OPENING] CANCEL FLASH#2 reason=OPENING_TIMEOUT
[GC D-OPENING] CANCEL RECON#2 reason=OPENING_TIMEOUT
[GC D-SETUP] assignments=C0M->(6, 6), SyouTa->(6, 12), Absol->(6, 17), Cryocells->(2, 35), SugarZ3ro->(7, 31)
[GC D-OPENING] setup variation=LEFT_LEAN
[GC D-OPENING] PLAN SMOKE#5 caster=SugarZ3ro origin=None target=(22, 40)
[GC D-OPENING] PLAN FLASH#2 caster=Absol origin=(8, 3) target=(16, 3)
[GC D-OPENING] PLAN RECON#2 caster=C0M origin=(13, 6) target=(13, 7)
[GC D-OPENING] EXECUTE SMOKE#5 SugarZ3ro -> (22, 40) tick=20
[GC D-OPENING] CANCEL FLASH#2 reason=OPENING_TIMEOUT
[GC D-OPENING] CANCEL RECON#2 reason=OPENING_TIMEOUT
[GC D-SETUP] assignments=C0M->(6, 6), SyouTa->(6, 12), Absol->(6, 17), Cryocells->(2, 35), SugarZ3ro->(7, 31)
[GC D-OPENING] setup variation=RIGHT_LEAN
[GC D-OPENING] PLAN SMOKE#5 caster=SugarZ3ro origin=None target=(22, 40)
[GC D-OPENING] PLAN FLASH#2 caster=Absol origin=(8, 3) target=(16, 3)
[GC D-OPENING] PLAN RECON#2 caster=C0M origin=(13, 6) target=(13, 7)
[GC D-OPENING] EXECUTE SMOKE#5 SugarZ3ro -> (22, 40) tick=20
[GC D-OPENING] EXECUTE RECON#2 C0M (13, 6)->(13, 7) tick=24
[GC D-OPENING] CANCEL FLASH#2 reason=DROPPED_SPIKE
[GC D-SETUP] assignments=C0M->(6, 6), SyouTa->(6, 12), Absol->(6, 17), Cryocells->(2, 35), SugarZ3ro->(7, 31)
[GC D-OPENING] setup variation=LEFT_LEAN
[GC D-OPENING] PLAN SMOKE#5 caster=SugarZ3ro origin=None target=(22, 40)
[GC D-OPENING] PLAN FLASH#2 caster=Absol origin=(8, 3) target=(16, 3)
[GC D-OPENING] PLAN RECON#2 caster=C0M origin=(13, 6) target=(13, 7)
[GC D-OPENING] EXECUTE SMOKE#5 SugarZ3ro -> (22, 40) tick=20
[GC D-OPENING] CANCEL FLASH#2 reason=OPENING_TIMEOUT
[GC D-OPENING] CANCEL RECON#2 reason=OPENING_TIMEOUT
[GC D-SETUP] assignments=C0M->(6, 6), SyouTa->(6, 12), Absol->(6, 17), Cryocells->(2, 35), SugarZ3ro->(7, 31)
[GC D-OPENING] setup variation=BALANCED
[GC D-OPENING] PLAN SMOKE#5 caster=SugarZ3ro origin=None target=(22, 40)
[GC D-OPENING] PLAN FLASH#2 caster=Absol origin=(8, 3) target=(16, 3)
[GC D-OPENING] PLAN RECON#2 caster=C0M origin=(13, 6) target=(13, 7)
[GC D-OPENING] EXECUTE SMOKE#5 SugarZ3ro -> (22, 40) tick=20
[GC D-OPENING] CANCEL FLASH#2 reason=DROPPED_SPIKE
[GC D-OPENING] CANCEL RECON#2 reason=DROPPED_SPIKE
[GC D-SETUP] assignments=C0M->(6, 6), SyouTa->(6, 12), Absol->(6, 17), Cryocells->(2, 35), SugarZ3ro->(7, 31)
[GC D-OPENING] setup variation=LEFT_LEAN
[GC D-OPENING] PLAN SMOKE#5 caster=SugarZ3ro origin=None target=(22, 40)
[GC D-OPENING] PLAN FLASH#2 caster=Absol origin=(8, 3) target=(16, 3)
[GC D-OPENING] PLAN RECON#2 caster=C0M origin=(13, 6) target=(13, 7)
[GC D-OPENING] EXECUTE SMOKE#5 SugarZ3ro -> (22, 40) tick=20
[GC D-OPENING] CANCEL FLASH#2 reason=DROPPED_SPIKE
[GC D-OPENING] CANCEL RECON#2 reason=DROPPED_SPIKE
[GC D-SETUP] assignments=C0M->(6, 6), SyouTa->(6, 12), Absol->(6, 17), Cryocells->(2, 35), SugarZ3ro->(7, 31)
[GC D-OPENING] setup variation=BALANCED
[GC D-OPENING] PLAN SMOKE#5 caster=SugarZ3ro origin=None target=(22, 40)
[GC D-OPENING] PLAN FLASH#2 caster=Absol origin=(8, 3) target=(16, 3)
[GC D-OPENING] PLAN RECON#2 caster=C0M origin=(13, 6) target=(13, 7)
[GC D-OPENING] EXECUTE SMOKE#5 SugarZ3ro -> (22, 40) tick=30
[GC D-OPENING] CANCEL FLASH#2 reason=OPENING_TIMEOUT
[GC D-OPENING] CANCEL RECON#2 reason=OPENING_TIMEOUT
[GC D-SETUP] assignments=C0M->(6, 6), SyouTa->(6, 12), Absol->(6, 17), Cryocells->(2, 35), SugarZ3ro->(7, 31)
[GC D-OPENING] setup variation=BALANCED
[GC D-OPENING] PLAN SMOKE#5 caster=SugarZ3ro origin=None target=(22, 40)
[GC D-OPENING] PLAN FLASH#2 caster=Absol origin=(8, 3) target=(16, 3)
[GC D-OPENING] PLAN RECON#2 caster=C0M origin=(13, 6) target=(13, 7)
[GC D-OPENING] EXECUTE SMOKE#5 SugarZ3ro -> (22, 40) tick=20
[GC D-OPENING] CANCEL FLASH#2 reason=OPENING_TIMEOUT
[GC D-OPENING] CANCEL RECON#2 reason=OPENING_TIMEOUT
[GC v1] loaded LearningAttackerCarryGCController: C:\Users\ronet\MyProject\git\AI_dnn\03.game\gc_v1\data\attacker_carry_gc_data\dqn_attacker_carry_gc_best_by_eval.pt (positioning_version=13, episode=2750)
[GC v1] loaded LearningAttackerEscortGCController: C:\Users\ronet\MyProject\git\AI_dnn\03.game\gc_v1\data\attacker_escort_gc_data\dqn_attacker_escort_gc_best_by_eval.pt
[GC v1] loaded LearningAttackerRetrieveGCController: C:\Users\ronet\MyProject\git\AI_dnn\03.game\gc_v1\data\attacker_retrieve_gc_data\dqn_attacker_retrieve_gc_best_by_eval.pt
[LearningAttackerGuardGCController] loaded: C:\Users\ronet\MyProject\git\AI_dnn\03.game\gc_v1\data\attacker_guard_gc_data\dqn_attacker_guard_gc_best_by_eval.pt
[GC v1] loaded LearningAttackerGuardGCController: C:\Users\ronet\MyProject\git\AI_dnn\03.game\gc_v1\data\attacker_guard_gc_data\dqn_attacker_guard_gc_best_by_eval.pt
[GC v1][A] carry=True escort=True retrieve=True guard=True
[GC Macro Runtime] loaded dqn_attacker_macro_gc_final.pt (episode=20000, obs=68, actions=12)
[GC Macro] tick=9 MID_TO_B -> B_SPLIT
[GC GUARD] planted=(10, 40) pattern=8 assignments={'Absol': (10, 38), 'C0M': (14, 40), 'Cryocells': (10, 42), 'SugarZ3ro': (13, 40), 'SyouTa': (9, 42)}
[ATTACKER GUARD GC] C0M pos=(14, 40) action=2 move=(-1, 0) ability=False
[ATTACKER GUARD GC] SyouTa pos=(16, 25) action=2 move=(-1, 0) ability=False
[ATTACKER GUARD GC] Cryocells pos=(10, 42) action=0 move=(0, 0) ability=False
[ATTACKER GUARD GC] SugarZ3ro pos=(16, 26) action=6 move=(0, -1) ability=False
[ATTACKER GUARD GC] C0M pos=(13, 40) action=4 move=(1, 0) ability=False
[ATTACKER GUARD GC] SyouTa pos=(15, 25) action=2 move=(-1, 0) ability=False
[ATTACKER GUARD GC] Absol pos=(10, 40) action=6 move=(0, -1) ability=False
[ATTACKER GUARD GC] Cryocells pos=(10, 42) action=0 move=(0, 0) ability=False
[ATTACKER GUARD GC] SugarZ3ro pos=(16, 25) action=2 move=(-1, 0) ability=False
[ATTACKER GUARD GC] C0M pos=(14, 40) action=0 move=(0, 0) ability=False
[ATTACKER GUARD GC] SyouTa pos=(14, 25) action=2 move=(-1, 0) ability=False
[ATTACKER GUARD GC] Absol pos=(10, 39) action=6 move=(0, -1) ability=False
[ATTACKER GUARD GC] Cryocells pos=(10, 42) action=0 move=(0, 0) ability=False
[ATTACKER GUARD GC] SugarZ3ro pos=(15, 25) action=2 move=(-1, 0) ability=False
[ATTACKER GUARD GC] C0M pos=(14, 40) action=0 move=(0, 0) ability=False
[ATTACKER GUARD GC] SyouTa pos=(13, 25) action=8 move=(0, 1) ability=False
[ATTACKER GUARD GC] Absol pos=(10, 38) action=0 move=(0, 0) ability=False
[ATTACKER GUARD GC] Cryocells pos=(10, 42) action=0 move=(0, 0) ability=False
[ATTACKER GUARD GC] SugarZ3ro pos=(14, 25) action=2 move=(-1, 0) ability=False
[ATTACKER GUARD GC] C0M pos=(14, 40) action=0 move=(0, 0) ability=False
[ATTACKER GUARD GC] SyouTa pos=(13, 26) action=8 move=(0, 1) ability=False
[ATTACKER GUARD GC] Absol pos=(10, 38) action=0 move=(0, 0) ability=False
[ATTACKER GUARD GC] Cryocells pos=(10, 42) action=0 move=(0, 0) ability=False
[ATTACKER GUARD GC] SugarZ3ro pos=(13, 25) action=8 move=(0, 1) ability=False
[ATTACKER GUARD GC] C0M pos=(14, 40) action=0 move=(0, 0) ability=False
[ATTACKER GUARD GC] SyouTa pos=(13, 27) action=2 move=(-1, 0) ability=False
[ATTACKER GUARD GC] Absol pos=(10, 38) action=0 move=(0, 0) ability=False
[ATTACKER GUARD GC] Cryocells pos=(10, 42) action=0 move=(0, 0) ability=False
[ATTACKER GUARD GC] SugarZ3ro pos=(13, 26) action=8 move=(0, 1) ability=False
[ATTACKER GUARD GC] C0M pos=(14, 40) action=0 move=(0, 0) ability=False
[ATTACKER GUARD GC] SyouTa pos=(12, 27) action=8 move=(0, 1) ability=False
[ATTACKER GUARD GC] Absol pos=(10, 38) action=0 move=(0, 0) ability=False
[ATTACKER GUARD GC] Cryocells pos=(10, 42) action=0 move=(0, 0) ability=False
[ATTACKER GUARD GC] SugarZ3ro pos=(13, 27) action=2 move=(-1, 0) ability=False
[ATTACKER GUARD GC] C0M pos=(14, 40) action=0 move=(0, 0) ability=False
[ATTACKER GUARD GC] SyouTa pos=(12, 28) action=8 move=(0, 1) ability=False
[ATTACKER GUARD GC] Absol pos=(10, 38) action=0 move=(0, 0) ability=False
[ATTACKER GUARD GC] Cryocells pos=(10, 42) action=0 move=(0, 0) ability=False
[ATTACKER GUARD GC] SugarZ3ro pos=(12, 27) action=8 move=(0, 1) ability=False
[ATTACKER GUARD GC] C0M pos=(14, 40) action=0 move=(0, 0) ability=False
[ATTACKER GUARD GC] SyouTa pos=(12, 29) action=8 move=(0, 1) ability=False
[ATTACKER GUARD GC] Absol pos=(10, 38) action=0 move=(0, 0) ability=False
[ATTACKER GUARD GC] Cryocells pos=(10, 42) action=0 move=(0, 0) ability=False
[ATTACKER GUARD GC] SugarZ3ro pos=(12, 28) action=8 move=(0, 1) ability=False
[ATTACKER GUARD GC] C0M pos=(14, 40) action=0 move=(0, 0) ability=False
[ATTACKER GUARD GC] SyouTa pos=(12, 30) action=4 move=(1, 0) ability=False
[ATTACKER GUARD GC] Absol pos=(10, 38) action=0 move=(0, 0) ability=False
[ATTACKER GUARD GC] Cryocells pos=(10, 42) action=0 move=(0, 0) ability=False
[ATTACKER GUARD GC] SugarZ3ro pos=(12, 29) action=8 move=(0, 1) ability=False
[ATTACKER GUARD GC] C0M pos=(14, 40) action=7 move=(0, -1) ability=True
[ATTACKER GUARD GC] SyouTa pos=(13, 30) action=8 move=(0, 1) ability=False
[ATTACKER GUARD GC] Absol pos=(10, 38) action=0 move=(0, 0) ability=False
[ATTACKER GUARD GC] Cryocells pos=(10, 42) action=0 move=(0, 0) ability=False
[ATTACKER GUARD GC] SugarZ3ro pos=(12, 30) action=4 move=(1, 0) ability=False
[ATTACKER GUARD GC] C0M pos=(14, 40) action=7 move=(0, -1) ability=True
[ATTACKER GUARD GC] SyouTa pos=(13, 31) action=4 move=(1, 0) ability=False
[ATTACKER GUARD GC] Absol pos=(10, 38) action=0 move=(0, 0) ability=False
[ATTACKER GUARD GC] Cryocells pos=(10, 42) action=0 move=(0, 0) ability=False
[ATTACKER GUARD GC] SugarZ3ro pos=(13, 30) action=8 move=(0, 1) ability=False
[ATTACKER GUARD GC] C0M pos=(14, 40) action=0 move=(0, 0) ability=False
[ATTACKER GUARD GC] SyouTa pos=(14, 31) action=8 move=(0, 1) ability=False
[ATTACKER GUARD GC] Absol pos=(10, 38) action=0 move=(0, 0) ability=False
[ATTACKER GUARD GC] Cryocells pos=(10, 42) action=0 move=(0, 0) ability=False
[ATTACKER GUARD GC] SugarZ3ro pos=(13, 31) action=4 move=(1, 0) ability=False
[ATTACKER GUARD GC] C0M pos=(14, 40) action=0 move=(0, 0) ability=False
[ATTACKER GUARD GC] SyouTa pos=(14, 32) action=8 move=(0, 1) ability=False
[ATTACKER GUARD GC] Absol pos=(10, 38) action=0 move=(0, 0) ability=False
[ATTACKER GUARD GC] Cryocells pos=(10, 42) action=0 move=(0, 0) ability=False
[ATTACKER GUARD GC] SugarZ3ro pos=(14, 31) action=8 move=(0, 1) ability=False
[ATTACKER GUARD GC] C0M pos=(14, 40) action=0 move=(0, 0) ability=False
[ATTACKER GUARD GC] SyouTa pos=(14, 33) action=8 move=(0, 1) ability=False
[ATTACKER GUARD GC] Absol pos=(10, 38) action=0 move=(0, 0) ability=False
[ATTACKER GUARD GC] Cryocells pos=(10, 42) action=0 move=(0, 0) ability=False
[ATTACKER GUARD GC] SugarZ3ro pos=(14, 32) action=8 move=(0, 1) ability=False
[ATTACKER GUARD GC] C0M pos=(14, 40) action=0 move=(0, 0) ability=False
[ATTACKER GUARD GC] SyouTa pos=(14, 34) action=8 move=(0, 1) ability=False
[ATTACKER GUARD GC] Absol pos=(10, 38) action=0 move=(0, 0) ability=False
[ATTACKER GUARD GC] Cryocells pos=(10, 42) action=0 move=(0, 0) ability=False
[ATTACKER GUARD GC] SugarZ3ro pos=(14, 33) action=8 move=(0, 1) ability=False
[ATTACKER GUARD GC] C0M pos=(14, 40) action=0 move=(0, 0) ability=False
[ATTACKER GUARD GC] SyouTa pos=(14, 35) action=8 move=(0, 1) ability=False
[ATTACKER GUARD GC] Absol pos=(10, 38) action=0 move=(0, 0) ability=False
[ATTACKER GUARD GC] Cryocells pos=(10, 42) action=0 move=(0, 0) ability=False
[ATTACKER GUARD GC] SugarZ3ro pos=(14, 34) action=8 move=(0, 1) ability=False
[ATTACKER GUARD GC] C0M pos=(14, 40) action=0 move=(0, 0) ability=False
[ATTACKER GUARD GC] SyouTa pos=(14, 36) action=8 move=(0, 1) ability=False
[ATTACKER GUARD GC] Absol pos=(10, 38) action=0 move=(0, 0) ability=False
[ATTACKER GUARD GC] Cryocells pos=(10, 42) action=0 move=(0, 0) ability=False
[ATTACKER GUARD GC] SugarZ3ro pos=(14, 35) action=8 move=(0, 1) ability=False
[ATTACKER GUARD GC] C0M pos=(14, 40) action=0 move=(0, 0) ability=False
[ATTACKER GUARD GC] SyouTa pos=(14, 37) action=8 move=(0, 1) ability=False
[ATTACKER GUARD GC] Absol pos=(10, 38) action=0 move=(0, 0) ability=False
[ATTACKER GUARD GC] Cryocells pos=(10, 42) action=0 move=(0, 0) ability=False
[ATTACKER GUARD GC] SugarZ3ro pos=(14, 36) action=8 move=(0, 1) ability=False
[ATTACKER GUARD GC] C0M pos=(14, 40) action=0 move=(0, 0) ability=False
[ATTACKER GUARD GC] SyouTa pos=(14, 38) action=8 move=(0, 1) ability=False
[ATTACKER GUARD GC] Absol pos=(10, 38) action=0 move=(0, 0) ability=False
[ATTACKER GUARD GC] Cryocells pos=(10, 42) action=0 move=(0, 0) ability=False
[ATTACKER GUARD GC] SugarZ3ro pos=(14, 37) action=8 move=(0, 1) ability=False
[ATTACKER GUARD GC] C0M pos=(14, 40) action=0 move=(0, 0) ability=False
[ATTACKER GUARD GC] SyouTa pos=(14, 39) action=0 move=(0, 0) ability=False
[ATTACKER GUARD GC] Absol pos=(10, 38) action=0 move=(0, 0) ability=False
[ATTACKER GUARD GC] Cryocells pos=(10, 42) action=0 move=(0, 0) ability=False
[ATTACKER GUARD GC] SugarZ3ro pos=(14, 38) action=8 move=(0, 1) ability=False
[ATTACKER GUARD GC] C0M pos=(14, 40) action=0 move=(0, 0) ability=False
[ATTACKER GUARD GC] SyouTa pos=(14, 39) action=8 move=(0, 1) ability=False
[ATTACKER GUARD GC] Absol pos=(10, 38) action=0 move=(0, 0) ability=False
[ATTACKER GUARD GC] Cryocells pos=(10, 42) action=0 move=(0, 0) ability=False
[ATTACKER GUARD GC] SugarZ3ro pos=(14, 38) action=8 move=(0, 1) ability=False
[ATTACKER GUARD GC] C0M pos=(14, 40) action=0 move=(0, 0) ability=False
[ATTACKER GUARD GC] SyouTa pos=(14, 39) action=0 move=(0, 0) ability=False
[ATTACKER GUARD GC] Absol pos=(10, 38) action=0 move=(0, 0) ability=False
[ATTACKER GUARD GC] Cryocells pos=(10, 42) action=0 move=(0, 0) ability=False
[ATTACKER GUARD GC] SugarZ3ro pos=(14, 38) action=0 move=(0, 0) ability=False
[ATTACKER GUARD GC] C0M pos=(14, 40) action=0 move=(0, 0) ability=False
[ATTACKER GUARD GC] SyouTa pos=(14, 39) action=0 move=(0, 0) ability=False
[ATTACKER GUARD GC] Absol pos=(10, 38) action=0 move=(0, 0) ability=False
[ATTACKER GUARD GC] Cryocells pos=(10, 42) action=0 move=(0, 0) ability=False
[ATTACKER GUARD GC] SugarZ3ro pos=(14, 38) action=0 move=(0, 0) ability=False
[ATTACKER GUARD GC] C0M pos=(14, 40) action=0 move=(0, 0) ability=False
[ATTACKER GUARD GC] SyouTa pos=(14, 39) action=0 move=(0, 0) ability=False
[ATTACKER GUARD GC] Absol pos=(10, 38) action=0 move=(0, 0) ability=False
[ATTACKER GUARD GC] Cryocells pos=(10, 42) action=0 move=(0, 0) ability=False
[ATTACKER GUARD GC] SugarZ3ro pos=(14, 38) action=8 move=(0, 1) ability=False
[ATTACKER GUARD GC] C0M pos=(14, 40) action=0 move=(0, 0) ability=False
[ATTACKER GUARD GC] SyouTa pos=(14, 39) action=0 move=(0, 0) ability=False
[ATTACKER GUARD GC] Absol pos=(10, 38) action=0 move=(0, 0) ability=False
[ATTACKER GUARD GC] Cryocells pos=(10, 42) action=0 move=(0, 0) ability=False
[ATTACKER GUARD GC] SugarZ3ro pos=(14, 38) action=8 move=(0, 1) ability=False
[ATTACKER GUARD GC] C0M pos=(14, 40) action=0 move=(0, 0) ability=False
[ATTACKER GUARD GC] SyouTa pos=(14, 39) action=0 move=(0, 0) ability=False
[ATTACKER GUARD GC] Absol pos=(10, 38) action=0 move=(0, 0) ability=False
[ATTACKER GUARD GC] Cryocells pos=(10, 42) action=0 move=(0, 0) ability=False
[ATTACKER GUARD GC] SugarZ3ro pos=(14, 38) action=0 move=(0, 0) ability=False
[ATTACKER GUARD GC] C0M pos=(14, 40) action=2 move=(-1, 0) ability=False
[ATTACKER GUARD GC] SyouTa pos=(14, 39) action=8 move=(0, 1) ability=False
[ATTACKER GUARD GC] Absol pos=(10, 38) action=0 move=(0, 0) ability=False
[ATTACKER GUARD GC] Cryocells pos=(10, 42) action=0 move=(0, 0) ability=False
[ATTACKER GUARD GC] SugarZ3ro pos=(14, 38) action=8 move=(0, 1) ability=False
[ATTACKER GUARD GC] C0M pos=(13, 40) action=4 move=(1, 0) ability=False
[ATTACKER GUARD GC] SyouTa pos=(14, 40) action=7 move=(0, -1) ability=True
[ATTACKER GUARD GC] Absol pos=(10, 38) action=0 move=(0, 0) ability=False
[ATTACKER GUARD GC] Cryocells pos=(10, 42) action=0 move=(0, 0) ability=False
[ATTACKER GUARD GC] SugarZ3ro pos=(14, 39) action=0 move=(0, 0) ability=False
[ATTACKER GUARD GC] C0M pos=(13, 40) action=0 move=(0, 0) ability=False
[ATTACKER GUARD GC] SyouTa pos=(14, 40) action=2 move=(-1, 0) ability=False
[ATTACKER GUARD GC] Absol pos=(10, 38) action=0 move=(0, 0) ability=False
[ATTACKER GUARD GC] Cryocells pos=(10, 42) action=0 move=(0, 0) ability=False
[ATTACKER GUARD GC] SugarZ3ro pos=(14, 39) action=8 move=(0, 1) ability=False
[ATTACKER GUARD GC] C0M pos=(13, 40) action=0 move=(0, 0) ability=False
[ATTACKER GUARD GC] SyouTa pos=(14, 40) action=0 move=(0, 0) ability=False
[ATTACKER GUARD GC] Absol pos=(10, 38) action=0 move=(0, 0) ability=False
[ATTACKER GUARD GC] Cryocells pos=(10, 42) action=0 move=(0, 0) ability=False
[ATTACKER GUARD GC] SugarZ3ro pos=(14, 39) action=0 move=(0, 0) ability=False
[ATTACKER GUARD GC] C0M pos=(13, 40) action=0 move=(0, 0) ability=False
[ATTACKER GUARD GC] SyouTa pos=(14, 40) action=0 move=(0, 0) ability=False
[ATTACKER GUARD GC] Absol pos=(10, 38) action=0 move=(0, 0) ability=False
[ATTACKER GUARD GC] Cryocells pos=(10, 42) action=0 move=(0, 0) ability=False
[ATTACKER GUARD GC] SugarZ3ro pos=(14, 39) action=0 move=(0, 0) ability=False
[ATTACKER GUARD GC] C0M pos=(13, 40) action=2 move=(-1, 0) ability=False
[ATTACKER GUARD GC] SyouTa pos=(14, 40) action=2 move=(-1, 0) ability=False
[ATTACKER GUARD GC] Absol pos=(10, 38) action=0 move=(0, 0) ability=False
[ATTACKER GUARD GC] Cryocells pos=(10, 42) action=0 move=(0, 0) ability=False
[ATTACKER GUARD GC] SugarZ3ro pos=(14, 39) action=8 move=(0, 1) ability=False
[ATTACKER GUARD GC] C0M pos=(12, 40) action=0 move=(0, 0) ability=False
[ATTACKER GUARD GC] SyouTa pos=(13, 40) action=2 move=(-1, 0) ability=False
[ATTACKER GUARD GC] Absol pos=(10, 38) action=0 move=(0, 0) ability=False
[ATTACKER GUARD GC] Cryocells pos=(10, 42) action=0 move=(0, 0) ability=False
[ATTACKER GUARD GC] SugarZ3ro pos=(14, 40) action=0 move=(0, 0) ability=False
[ATTACKER GUARD GC] C0M pos=(12, 40) action=0 move=(0, 0) ability=False
[ATTACKER GUARD GC] SyouTa pos=(13, 40) action=0 move=(0, 0) ability=False
[ATTACKER GUARD GC] Absol pos=(10, 38) action=0 move=(0, 0) ability=False
[ATTACKER GUARD GC] Cryocells pos=(10, 42) action=0 move=(0, 0) ability=False
[ATTACKER GUARD GC] SugarZ3ro pos=(14, 40) action=0 move=(0, 0) ability=False
[ATTACKER GUARD GC] C0M pos=(12, 40) action=4 move=(1, 0) ability=False
[ATTACKER GUARD GC] SyouTa pos=(13, 40) action=2 move=(-1, 0) ability=False
[ATTACKER GUARD GC] Absol pos=(10, 38) action=0 move=(0, 0) ability=False
[ATTACKER GUARD GC] Cryocells pos=(10, 42) action=0 move=(0, 0) ability=False
[ATTACKER GUARD GC] SugarZ3ro pos=(14, 40) action=0 move=(0, 0) ability=False
[ATTACKER GUARD GC] C0M pos=(12, 40) action=0 move=(0, 0) ability=False
[ATTACKER GUARD GC] SyouTa pos=(13, 40) action=0 move=(0, 0) ability=False
[ATTACKER GUARD GC] Absol pos=(10, 38) action=0 move=(0, 0) ability=False
[ATTACKER GUARD GC] Cryocells pos=(10, 42) action=0 move=(0, 0) ability=False
[ATTACKER GUARD GC] SugarZ3ro pos=(14, 40) action=0 move=(0, 0) ability=False
[ATTACKER GUARD GC] C0M pos=(12, 40) action=0 move=(0, 0) ability=False
[ATTACKER GUARD GC] SyouTa pos=(13, 40) action=2 move=(-1, 0) ability=False
[ATTACKER GUARD GC] Absol pos=(10, 38) action=0 move=(0, 0) ability=False
[ATTACKER GUARD GC] Cryocells pos=(10, 42) action=0 move=(0, 0) ability=False
[ATTACKER GUARD GC] SugarZ3ro pos=(14, 40) action=0 move=(0, 0) ability=False
[ATTACKER GUARD GC] C0M pos=(12, 40) action=4 move=(1, 0) ability=False
[ATTACKER GUARD GC] SyouTa pos=(13, 40) action=0 move=(0, 0) ability=False
[ATTACKER GUARD GC] Absol pos=(10, 38) action=0 move=(0, 0) ability=False
[ATTACKER GUARD GC] Cryocells pos=(10, 42) action=0 move=(0, 0) ability=False
[ATTACKER GUARD GC] SugarZ3ro pos=(14, 40) action=2 move=(-1, 0) ability=False
[ATTACKER GUARD GC] C0M pos=(12, 40) action=0 move=(0, 0) ability=False
[ATTACKER GUARD GC] SyouTa pos=(13, 40) action=0 move=(0, 0) ability=False
[ATTACKER GUARD GC] Absol pos=(10, 38) action=0 move=(0, 0) ability=False
[ATTACKER GUARD GC] Cryocells pos=(10, 42) action=0 move=(0, 0) ability=False
[ATTACKER GUARD GC] SugarZ3ro pos=(14, 40) action=0 move=(0, 0) ability=False
[ATTACKER GUARD GC] C0M pos=(10, 40) action=4 move=(1, 0) ability=False
[ATTACKER GUARD GC] SyouTa pos=(11, 40) action=0 move=(0, 0) ability=False
[ATTACKER GUARD GC] Absol pos=(10, 39) action=0 move=(0, 0) ability=False
[ATTACKER GUARD GC] Cryocells pos=(10, 42) action=6 move=(0, -1) ability=False
[ATTACKER GUARD GC] SugarZ3ro pos=(14, 38) action=0 move=(0, 0) ability=False
[ATTACKER GUARD GC] C0M pos=(10, 40) action=0 move=(0, 0) ability=False
[ATTACKER GUARD GC] SyouTa pos=(11, 40) action=4 move=(1, 0) ability=False
[ATTACKER GUARD GC] Absol pos=(10, 39) action=0 move=(0, 0) ability=False
[ATTACKER GUARD GC] Cryocells pos=(10, 41) action=8 move=(0, 1) ability=False
[ATTACKER GUARD GC] SugarZ3ro pos=(14, 38) action=0 move=(0, 0) ability=False
[ATTACKER GUARD GC] C0M pos=(10, 40) action=0 move=(0, 0) ability=False
[ATTACKER GUARD GC] SyouTa pos=(12, 40) action=0 move=(0, 0) ability=False
[ATTACKER GUARD GC] Absol pos=(10, 39) action=0 move=(0, 0) ability=False
[ATTACKER GUARD GC] Cryocells pos=(10, 42) action=0 move=(0, 0) ability=False
[ATTACKER GUARD GC] SugarZ3ro pos=(14, 38) action=0 move=(0, 0) ability=False
[ATTACKER GUARD GC] C0M pos=(10, 40) action=0 move=(0, 0) ability=False
[ATTACKER GUARD GC] SyouTa pos=(12, 40) action=0 move=(0, 0) ability=False
[ATTACKER GUARD GC] Absol pos=(10, 39) action=0 move=(0, 0) ability=False
[ATTACKER GUARD GC] Cryocells pos=(10, 42) action=0 move=(0, 0) ability=False
[ATTACKER GUARD GC] SugarZ3ro pos=(14, 38) action=0 move=(0, 0) ability=False
[ATTACKER GUARD GC] C0M pos=(10, 40) action=4 move=(1, 0) ability=False
[ATTACKER GUARD GC] SyouTa pos=(12, 40) action=0 move=(0, 0) ability=False
[ATTACKER GUARD GC] Absol pos=(10, 39) action=0 move=(0, 0) ability=False
[ATTACKER GUARD GC] Cryocells pos=(10, 42) action=0 move=(0, 0) ability=False
[ATTACKER GUARD GC] SugarZ3ro pos=(14, 38) action=0 move=(0, 0) ability=False
[ATTACKER GUARD GC] C0M pos=(11, 40) action=0 move=(0, 0) ability=False
[ATTACKER GUARD GC] SyouTa pos=(12, 40) action=2 move=(-1, 0) ability=False
[ATTACKER GUARD GC] Absol pos=(10, 39) action=0 move=(0, 0) ability=False
[ATTACKER GUARD GC] Cryocells pos=(10, 42) action=0 move=(0, 0) ability=False
[ATTACKER GUARD GC] SugarZ3ro pos=(14, 38) action=0 move=(0, 0) ability=False
[ATTACKER GUARD GC] C0M pos=(10, 40) action=4 move=(1, 0) ability=False
[ATTACKER GUARD GC] SyouTa pos=(12, 40) action=2 move=(-1, 0) ability=False
[ATTACKER GUARD GC] Absol pos=(10, 39) action=0 move=(0, 0) ability=False
[ATTACKER GUARD GC] Cryocells pos=(10, 42) action=2 move=(-1, 0) ability=False
[ATTACKER GUARD GC] SugarZ3ro pos=(14, 36) action=0 move=(0, 0) ability=False
[ATTACKER GUARD GC] C0M pos=(11, 40) action=0 move=(0, 0) ability=False
[ATTACKER GUARD GC] SyouTa pos=(12, 40) action=0 move=(0, 0) ability=False
[ATTACKER GUARD GC] Cryocells pos=(9, 42) action=4 move=(1, 0) ability=False
[ATTACKER GUARD GC] SugarZ3ro pos=(14, 36) action=0 move=(0, 0) ability=False
[ATTACKER GUARD GC] C0M pos=(10, 40) action=4 move=(1, 0) ability=False
[ATTACKER GUARD GC] SyouTa pos=(11, 40) action=0 move=(0, 0) ability=False
[ATTACKER GUARD GC] Cryocells pos=(10, 41) action=0 move=(0, 0) ability=False
[ATTACKER GUARD GC] SugarZ3ro pos=(14, 35) action=0 move=(0, 0) ability=False
[ATTACKER GUARD GC] SyouTa pos=(11, 40) action=0 move=(0, 0) ability=False
[ATTACKER GUARD GC] SugarZ3ro pos=(14, 35) action=0 move=(0, 0) ability=False
[GC GUARD] planted=(9, 40) pattern=7 assignments={'Absol': (11, 40), 'C0M': (12, 40), 'Cryocells': (7, 37), 'SugarZ3ro': (4, 42), 'SyouTa': (2, 37)}
[ATTACKER GUARD GC] C0M pos=(18, 40) action=8 move=(0, 1) ability=False
[ATTACKER GUARD GC] SyouTa pos=(21, 40) action=2 move=(-1, 0) ability=False
[ATTACKER GUARD GC] Cryocells pos=(17, 40) action=2 move=(-1, 0) ability=False
[ATTACKER GUARD GC] SugarZ3ro pos=(10, 42) action=2 move=(-1, 0) ability=False
[ATTACKER GUARD GC] C0M pos=(18, 41) action=6 move=(0, -1) ability=False
[ATTACKER GUARD GC] SyouTa pos=(20, 40) action=2 move=(-1, 0) ability=False
[ATTACKER GUARD GC] Absol pos=(10, 40) action=4 move=(1, 0) ability=False
[ATTACKER GUARD GC] Cryocells pos=(16, 40) action=2 move=(-1, 0) ability=False
[ATTACKER GUARD GC] SugarZ3ro pos=(9, 42) action=2 move=(-1, 0) ability=False
[ATTACKER GUARD GC] C0M pos=(18, 40) action=2 move=(-1, 0) ability=False
[ATTACKER GUARD GC] SyouTa pos=(19, 40) action=2 move=(-1, 0) ability=False
[ATTACKER GUARD GC] Absol pos=(11, 40) action=0 move=(0, 0) ability=False
[ATTACKER GUARD GC] Cryocells pos=(15, 40) action=2 move=(-1, 0) ability=False
[ATTACKER GUARD GC] SugarZ3ro pos=(8, 42) action=2 move=(-1, 0) ability=False
[ATTACKER GUARD GC] C0M pos=(17, 40) action=2 move=(-1, 0) ability=False
[ATTACKER GUARD GC] SyouTa pos=(18, 40) action=2 move=(-1, 0) ability=False
[ATTACKER GUARD GC] Absol pos=(11, 40) action=0 move=(0, 0) ability=False
[ATTACKER GUARD GC] Cryocells pos=(14, 40) action=2 move=(-1, 0) ability=False
[ATTACKER GUARD GC] SugarZ3ro pos=(7, 42) action=2 move=(-1, 0) ability=False
[ATTACKER GUARD GC] C0M pos=(16, 40) action=2 move=(-1, 0) ability=False
[ATTACKER GUARD GC] SyouTa pos=(17, 40) action=2 move=(-1, 0) ability=False
[ATTACKER GUARD GC] Absol pos=(11, 40) action=0 move=(0, 0) ability=False
[ATTACKER GUARD GC] Cryocells pos=(13, 40) action=2 move=(-1, 0) ability=False
[ATTACKER GUARD GC] SugarZ3ro pos=(6, 42) action=2 move=(-1, 0) ability=False
[ATTACKER GUARD GC] C0M pos=(15, 40) action=2 move=(-1, 0) ability=False
[ATTACKER GUARD GC] SyouTa pos=(16, 40) action=2 move=(-1, 0) ability=False
[ATTACKER GUARD GC] Absol pos=(11, 40) action=2 move=(-1, 0) ability=False
[ATTACKER GUARD GC] Cryocells pos=(12, 40) action=0 move=(0, 0) ability=False
[ATTACKER GUARD GC] SugarZ3ro pos=(5, 42) action=2 move=(-1, 0) ability=False
[ATTACKER GUARD GC] C0M pos=(14, 40) action=2 move=(-1, 0) ability=False
[ATTACKER GUARD GC] SyouTa pos=(15, 40) action=2 move=(-1, 0) ability=False
[ATTACKER GUARD GC] Absol pos=(10, 40) action=4 move=(1, 0) ability=False
[ATTACKER GUARD GC] Cryocells pos=(12, 40) action=2 move=(-1, 0) ability=False
[ATTACKER GUARD GC] SugarZ3ro pos=(4, 42) action=0 move=(0, 0) ability=False
[ATTACKER GUARD GC] C0M pos=(13, 40) action=2 move=(-1, 0) ability=False
[ATTACKER GUARD GC] SyouTa pos=(14, 40) action=2 move=(-1, 0) ability=False
[ATTACKER GUARD GC] Absol pos=(11, 40) action=0 move=(0, 0) ability=False
[ATTACKER GUARD GC] Cryocells pos=(12, 40) action=0 move=(0, 0) ability=False
[ATTACKER GUARD GC] SugarZ3ro pos=(4, 42) action=0 move=(0, 0) ability=False
[ATTACKER GUARD GC] C0M pos=(13, 40) action=1 move=(0, 0) ability=True
[ATTACKER GUARD GC] SyouTa pos=(14, 40) action=0 move=(0, 0) ability=False
[ATTACKER GUARD GC] Absol pos=(11, 40) action=0 move=(0, 0) ability=False
[ATTACKER GUARD GC] Cryocells pos=(12, 40) action=2 move=(-1, 0) ability=False
[ATTACKER GUARD GC] SugarZ3ro pos=(4, 42) action=0 move=(0, 0) ability=False
[ATTACKER GUARD GC] C0M pos=(13, 40) action=1 move=(0, 0) ability=True
[ATTACKER GUARD GC] SyouTa pos=(14, 40) action=0 move=(0, 0) ability=False
[ATTACKER GUARD GC] Absol pos=(11, 40) action=0 move=(0, 0) ability=False
[ATTACKER GUARD GC] Cryocells pos=(12, 40) action=0 move=(0, 0) ability=False
[ATTACKER GUARD GC] SugarZ3ro pos=(4, 42) action=0 move=(0, 0) ability=False
[ATTACKER GUARD GC] C0M pos=(13, 40) action=0 move=(0, 0) ability=False
[ATTACKER GUARD GC] SyouTa pos=(14, 40) action=6 move=(0, -1) ability=False
[ATTACKER GUARD GC] Absol pos=(11, 40) action=0 move=(0, 0) ability=False
[ATTACKER GUARD GC] Cryocells pos=(12, 40) action=0 move=(0, 0) ability=False
[ATTACKER GUARD GC] SugarZ3ro pos=(4, 42) action=0 move=(0, 0) ability=False
[ATTACKER GUARD GC] C0M pos=(13, 40) action=0 move=(0, 0) ability=False
[ATTACKER GUARD GC] SyouTa pos=(14, 39) action=8 move=(0, 1) ability=False
[ATTACKER GUARD GC] Absol pos=(11, 40) action=0 move=(0, 0) ability=False
[ATTACKER GUARD GC] Cryocells pos=(12, 40) action=2 move=(-1, 0) ability=False
[ATTACKER GUARD GC] SugarZ3ro pos=(4, 42) action=0 move=(0, 0) ability=False
[ATTACKER GUARD GC] C0M pos=(13, 40) action=2 move=(-1, 0) ability=False
[ATTACKER GUARD GC] SyouTa pos=(14, 40) action=2 move=(-1, 0) ability=False
[ATTACKER GUARD GC] Absol pos=(11, 40) action=0 move=(0, 0) ability=False
[ATTACKER GUARD GC] Cryocells pos=(12, 40) action=0 move=(0, 0) ability=False
[ATTACKER GUARD GC] SugarZ3ro pos=(4, 42) action=0 move=(0, 0) ability=False
[ATTACKER GUARD GC] C0M pos=(13, 40) action=2 move=(-1, 0) ability=False
[ATTACKER GUARD GC] SyouTa pos=(14, 40) action=2 move=(-1, 0) ability=False
[ATTACKER GUARD GC] Absol pos=(11, 40) action=0 move=(0, 0) ability=False
[ATTACKER GUARD GC] Cryocells pos=(12, 40) action=0 move=(0, 0) ability=False
[ATTACKER GUARD GC] SugarZ3ro pos=(4, 42) action=0 move=(0, 0) ability=False
[ATTACKER GUARD GC] C0M pos=(13, 40) action=0 move=(0, 0) ability=False
[ATTACKER GUARD GC] SyouTa pos=(14, 40) action=6 move=(0, -1) ability=False
[ATTACKER GUARD GC] Absol pos=(11, 40) action=0 move=(0, 0) ability=False
[ATTACKER GUARD GC] Cryocells pos=(12, 40) action=2 move=(-1, 0) ability=False
[ATTACKER GUARD GC] SugarZ3ro pos=(4, 42) action=0 move=(0, 0) ability=False
[ATTACKER GUARD GC] C0M pos=(13, 40) action=0 move=(0, 0) ability=False
[ATTACKER GUARD GC] SyouTa pos=(14, 39) action=8 move=(0, 1) ability=False
[ATTACKER GUARD GC] Absol pos=(11, 40) action=0 move=(0, 0) ability=False
[ATTACKER GUARD GC] Cryocells pos=(12, 40) action=2 move=(-1, 0) ability=False
[ATTACKER GUARD GC] SugarZ3ro pos=(4, 42) action=0 move=(0, 0) ability=False
[ATTACKER GUARD GC] C0M pos=(13, 40) action=2 move=(-1, 0) ability=False
[ATTACKER GUARD GC] SyouTa pos=(14, 40) action=2 move=(-1, 0) ability=False
[ATTACKER GUARD GC] Absol pos=(11, 40) action=0 move=(0, 0) ability=False
[ATTACKER GUARD GC] Cryocells pos=(12, 40) action=0 move=(0, 0) ability=False
[ATTACKER GUARD GC] SugarZ3ro pos=(4, 42) action=0 move=(0, 0) ability=False
[ATTACKER GUARD GC] C0M pos=(13, 40) action=0 move=(0, 0) ability=False
[ATTACKER GUARD GC] SyouTa pos=(14, 40) action=6 move=(0, -1) ability=False
[ATTACKER GUARD GC] Absol pos=(11, 40) action=0 move=(0, 0) ability=False
[ATTACKER GUARD GC] Cryocells pos=(12, 40) action=6 move=(0, -1) ability=False
[ATTACKER GUARD GC] SugarZ3ro pos=(4, 42) action=0 move=(0, 0) ability=False
[ATTACKER GUARD GC] C0M pos=(13, 40) action=2 move=(-1, 0) ability=False
[ATTACKER GUARD GC] SyouTa pos=(14, 39) action=8 move=(0, 1) ability=False
[ATTACKER GUARD GC] Absol pos=(11, 40) action=0 move=(0, 0) ability=False
[ATTACKER GUARD GC] Cryocells pos=(12, 39) action=0 move=(0, 0) ability=False
[ATTACKER GUARD GC] SugarZ3ro pos=(4, 42) action=0 move=(0, 0) ability=False
[ATTACKER GUARD GC] C0M pos=(12, 40) action=2 move=(-1, 0) ability=False
[ATTACKER GUARD GC] SyouTa pos=(14, 40) action=2 move=(-1, 0) ability=False
[ATTACKER GUARD GC] Absol pos=(11, 40) action=0 move=(0, 0) ability=False
[ATTACKER GUARD GC] Cryocells pos=(12, 39) action=8 move=(0, 1) ability=False
[ATTACKER GUARD GC] SugarZ3ro pos=(4, 42) action=0 move=(0, 0) ability=False
[ATTACKER GUARD GC] C0M pos=(12, 40) action=0 move=(0, 0) ability=False
[ATTACKER GUARD GC] SyouTa pos=(13, 40) action=0 move=(0, 0) ability=False
[ATTACKER GUARD GC] Absol pos=(11, 40) action=0 move=(0, 0) ability=False
[ATTACKER GUARD GC] Cryocells pos=(12, 39) action=0 move=(0, 0) ability=False
[ATTACKER GUARD GC] SugarZ3ro pos=(4, 42) action=0 move=(0, 0) ability=False
[ATTACKER GUARD GC] C0M pos=(12, 40) action=0 move=(0, 0) ability=False
[ATTACKER GUARD GC] SyouTa pos=(13, 40) action=2 move=(-1, 0) ability=False
[ATTACKER GUARD GC] Absol pos=(11, 40) action=0 move=(0, 0) ability=False
[ATTACKER GUARD GC] Cryocells pos=(12, 39) action=0 move=(0, 0) ability=False
[ATTACKER GUARD GC] SugarZ3ro pos=(4, 42) action=0 move=(0, 0) ability=False
[ATTACKER GUARD GC] C0M pos=(12, 40) action=0 move=(0, 0) ability=False
[ATTACKER GUARD GC] SyouTa pos=(13, 40) action=0 move=(0, 0) ability=False
[ATTACKER GUARD GC] Absol pos=(11, 40) action=0 move=(0, 0) ability=False
[ATTACKER GUARD GC] Cryocells pos=(12, 39) action=8 move=(0, 1) ability=False
[ATTACKER GUARD GC] SugarZ3ro pos=(4, 42) action=0 move=(0, 0) ability=False
[ATTACKER GUARD GC] C0M pos=(12, 40) action=0 move=(0, 0) ability=False
[ATTACKER GUARD GC] SyouTa pos=(13, 40) action=4 move=(1, 0) ability=False
[ATTACKER GUARD GC] Absol pos=(11, 40) action=0 move=(0, 0) ability=False
[ATTACKER GUARD GC] Cryocells pos=(12, 39) action=0 move=(0, 0) ability=False
[ATTACKER GUARD GC] SugarZ3ro pos=(4, 42) action=0 move=(0, 0) ability=False
[ATTACKER GUARD GC] C0M pos=(12, 40) action=2 move=(-1, 0) ability=False
[ATTACKER GUARD GC] SyouTa pos=(14, 40) action=6 move=(0, -1) ability=False
[ATTACKER GUARD GC] Absol pos=(11, 40) action=0 move=(0, 0) ability=False
[ATTACKER GUARD GC] Cryocells pos=(12, 39) action=0 move=(0, 0) ability=False
[ATTACKER GUARD GC] SugarZ3ro pos=(4, 42) action=7 move=(0, -1) ability=True
[ATTACKER GUARD GC] C0M pos=(12, 40) action=0 move=(0, 0) ability=False
[ATTACKER GUARD GC] SyouTa pos=(14, 39) action=8 move=(0, 1) ability=False
[ATTACKER GUARD GC] Absol pos=(11, 40) action=0 move=(0, 0) ability=False
[ATTACKER GUARD GC] Cryocells pos=(12, 39) action=8 move=(0, 1) ability=False
[ATTACKER GUARD GC] SugarZ3ro pos=(4, 42) action=0 move=(0, 0) ability=False
[ATTACKER GUARD GC] C0M pos=(12, 40) action=0 move=(0, 0) ability=False
[ATTACKER GUARD GC] SyouTa pos=(14, 40) action=2 move=(-1, 0) ability=False
[ATTACKER GUARD GC] Absol pos=(11, 40) action=0 move=(0, 0) ability=False
[ATTACKER GUARD GC] Cryocells pos=(12, 39) action=0 move=(0, 0) ability=False
[ATTACKER GUARD GC] SugarZ3ro pos=(4, 42) action=0 move=(0, 0) ability=False
[ATTACKER GUARD GC] C0M pos=(12, 40) action=0 move=(0, 0) ability=False
[ATTACKER GUARD GC] SyouTa pos=(13, 40) action=0 move=(0, 0) ability=False
[ATTACKER GUARD GC] Absol pos=(11, 40) action=0 move=(0, 0) ability=False
[ATTACKER GUARD GC] Cryocells pos=(12, 39) action=8 move=(0, 1) ability=False
[ATTACKER GUARD GC] SugarZ3ro pos=(4, 42) action=0 move=(0, 0) ability=False
[ATTACKER GUARD GC] C0M pos=(12, 40) action=2 move=(-1, 0) ability=False
[ATTACKER GUARD GC] SyouTa pos=(13, 40) action=2 move=(-1, 0) ability=False
[ATTACKER GUARD GC] Absol pos=(11, 40) action=0 move=(0, 0) ability=False
[ATTACKER GUARD GC] Cryocells pos=(12, 39) action=8 move=(0, 1) ability=False
[ATTACKER GUARD GC] SugarZ3ro pos=(4, 42) action=0 move=(0, 0) ability=False
[ATTACKER GUARD GC] C0M pos=(12, 40) action=0 move=(0, 0) ability=False
[ATTACKER GUARD GC] SyouTa pos=(13, 40) action=2 move=(-1, 0) ability=False
[ATTACKER GUARD GC] Absol pos=(11, 40) action=0 move=(0, 0) ability=False
[ATTACKER GUARD GC] Cryocells pos=(12, 39) action=0 move=(0, 0) ability=False
[ATTACKER GUARD GC] SugarZ3ro pos=(4, 42) action=0 move=(0, 0) ability=False
[ATTACKER GUARD GC] C0M pos=(12, 40) action=0 move=(0, 0) ability=False
[ATTACKER GUARD GC] SyouTa pos=(13, 40) action=0 move=(0, 0) ability=False
[ATTACKER GUARD GC] Absol pos=(11, 40) action=0 move=(0, 0) ability=False
[ATTACKER GUARD GC] Cryocells pos=(12, 39) action=0 move=(0, 0) ability=False
[ATTACKER GUARD GC] SugarZ3ro pos=(4, 42) action=0 move=(0, 0) ability=False
[ATTACKER GUARD GC] C0M pos=(12, 40) action=2 move=(-1, 0) ability=False
[ATTACKER GUARD GC] SyouTa pos=(13, 40) action=2 move=(-1, 0) ability=False
[ATTACKER GUARD GC] Absol pos=(11, 40) action=0 move=(0, 0) ability=False
[ATTACKER GUARD GC] Cryocells pos=(12, 39) action=0 move=(0, 0) ability=False
[ATTACKER GUARD GC] SugarZ3ro pos=(4, 42) action=0 move=(0, 0) ability=False
[ATTACKER GUARD GC] C0M pos=(12, 40) action=6 move=(0, -1) ability=False
[ATTACKER GUARD GC] SyouTa pos=(13, 40) action=2 move=(-1, 0) ability=False
[ATTACKER GUARD GC] Absol pos=(11, 40) action=0 move=(0, 0) ability=False
[ATTACKER GUARD GC] Cryocells pos=(12, 39) action=0 move=(0, 0) ability=False
[ATTACKER GUARD GC] SugarZ3ro pos=(4, 42) action=0 move=(0, 0) ability=False
[ATTACKER GUARD GC] C0M pos=(12, 40) action=0 move=(0, 0) ability=False
[ATTACKER GUARD GC] SyouTa pos=(13, 40) action=2 move=(-1, 0) ability=False
[ATTACKER GUARD GC] Absol pos=(11, 40) action=0 move=(0, 0) ability=False
[ATTACKER GUARD GC] Cryocells pos=(12, 39) action=0 move=(0, 0) ability=False
[ATTACKER GUARD GC] SugarZ3ro pos=(4, 42) action=0 move=(0, 0) ability=False
[GC Macro] tick=18 ROTATE_B_TO_A -> B_SPLIT
[GC GUARD] planted=(10, 40) pattern=8 assignments={'Absol': (10, 42), 'C0M': (14, 40), 'Cryocells': (9, 42), 'SugarZ3ro': (13, 40), 'SyouTa': (10, 38)}
[ATTACKER GUARD GC] C0M pos=(19, 42) action=2 move=(-1, 0) ability=False
[ATTACKER GUARD GC] SyouTa pos=(17, 13) action=6 move=(0, -1) ability=False
[ATTACKER GUARD GC] Cryocells pos=(10, 41) action=8 move=(0, 1) ability=False
[ATTACKER GUARD GC] SugarZ3ro pos=(13, 31) action=0 move=(0, 0) ability=False
[ATTACKER GUARD GC] C0M pos=(18, 42) action=6 move=(0, -1) ability=False
[ATTACKER GUARD GC] SyouTa pos=(17, 12) action=4 move=(1, 0) ability=False
[ATTACKER GUARD GC] Absol pos=(10, 40) action=8 move=(0, 1) ability=False
[ATTACKER GUARD GC] Cryocells pos=(10, 42) action=2 move=(-1, 0) ability=False
[ATTACKER GUARD GC] SugarZ3ro pos=(13, 31) action=0 move=(0, 0) ability=False
[ATTACKER GUARD GC] C0M pos=(18, 41) action=6 move=(0, -1) ability=False
[ATTACKER GUARD GC] SyouTa pos=(18, 12) action=6 move=(0, -1) ability=False
[ATTACKER GUARD GC] Absol pos=(10, 41) action=8 move=(0, 1) ability=False
[ATTACKER GUARD GC] Cryocells pos=(9, 42) action=4 move=(1, 0) ability=False
[ATTACKER GUARD GC] C0M pos=(18, 40) action=2 move=(-1, 0) ability=False
[ATTACKER GUARD GC] SyouTa pos=(18, 11) action=7 move=(0, -1) ability=True
[ATTACKER GUARD GC] Absol pos=(10, 42) action=0 move=(0, 0) ability=False
[ATTACKER GUARD GC] Cryocells pos=(9, 42) action=0 move=(0, 0) ability=False
[ATTACKER GUARD GC] C0M pos=(17, 40) action=2 move=(-1, 0) ability=False
[ATTACKER GUARD GC] SyouTa pos=(18, 11) action=0 move=(0, 0) ability=False
[ATTACKER GUARD GC] Absol pos=(10, 42) action=0 move=(0, 0) ability=False
[ATTACKER GUARD GC] Cryocells pos=(9, 42) action=0 move=(0, 0) ability=False
[ATTACKER GUARD GC] C0M pos=(16, 40) action=2 move=(-1, 0) ability=False
[ATTACKER GUARD GC] SyouTa pos=(18, 11) action=0 move=(0, 0) ability=False
[ATTACKER GUARD GC] Absol pos=(10, 42) action=0 move=(0, 0) ability=False
[ATTACKER GUARD GC] Cryocells pos=(9, 42) action=0 move=(0, 0) ability=False
[ATTACKER GUARD GC] C0M pos=(15, 40) action=2 move=(-1, 0) ability=False
[ATTACKER GUARD GC] SyouTa pos=(18, 11) action=0 move=(0, 0) ability=False
[ATTACKER GUARD GC] Absol pos=(10, 42) action=0 move=(0, 0) ability=False
[ATTACKER GUARD GC] Cryocells pos=(9, 42) action=0 move=(0, 0) ability=False
[ATTACKER GUARD GC] C0M pos=(14, 40) action=0 move=(0, 0) ability=False
[ATTACKER GUARD GC] SyouTa pos=(18, 11) action=0 move=(0, 0) ability=False
[ATTACKER GUARD GC] Absol pos=(10, 42) action=0 move=(0, 0) ability=False
[ATTACKER GUARD GC] Cryocells pos=(9, 42) action=0 move=(0, 0) ability=False
[ATTACKER GUARD GC] C0M pos=(14, 40) action=0 move=(0, 0) ability=False
[ATTACKER GUARD GC] SyouTa pos=(18, 11) action=0 move=(0, 0) ability=False
[ATTACKER GUARD GC] Absol pos=(10, 42) action=0 move=(0, 0) ability=False
[ATTACKER GUARD GC] Cryocells pos=(9, 42) action=0 move=(0, 0) ability=False
[ATTACKER GUARD GC] C0M pos=(14, 40) action=0 move=(0, 0) ability=False
[ATTACKER GUARD GC] SyouTa pos=(18, 11) action=0 move=(0, 0) ability=False
[ATTACKER GUARD GC] Absol pos=(10, 42) action=0 move=(0, 0) ability=False
[ATTACKER GUARD GC] Cryocells pos=(9, 42) action=0 move=(0, 0) ability=False
[ATTACKER GUARD GC] C0M pos=(14, 40) action=0 move=(0, 0) ability=False
[ATTACKER GUARD GC] SyouTa pos=(18, 11) action=0 move=(0, 0) ability=False
[ATTACKER GUARD GC] Absol pos=(10, 42) action=0 move=(0, 0) ability=False
[ATTACKER GUARD GC] Cryocells pos=(9, 42) action=2 move=(-1, 0) ability=False
[ATTACKER GUARD GC] C0M pos=(14, 40) action=0 move=(0, 0) ability=False
[ATTACKER GUARD GC] SyouTa pos=(18, 11) action=0 move=(0, 0) ability=False
[ATTACKER GUARD GC] Absol pos=(10, 42) action=0 move=(0, 0) ability=False
[ATTACKER GUARD GC] Cryocells pos=(8, 42) action=0 move=(0, 0) ability=False
[ATTACKER GUARD GC] C0M pos=(14, 40) action=0 move=(0, 0) ability=False
[ATTACKER GUARD GC] SyouTa pos=(18, 11) action=0 move=(0, 0) ability=False
[ATTACKER GUARD GC] Absol pos=(10, 42) action=0 move=(0, 0) ability=False
[ATTACKER GUARD GC] Cryocells pos=(8, 42) action=4 move=(1, 0) ability=False
[ATTACKER GUARD GC] C0M pos=(14, 40) action=0 move=(0, 0) ability=False
[ATTACKER GUARD GC] SyouTa pos=(18, 11) action=0 move=(0, 0) ability=False
[ATTACKER GUARD GC] Absol pos=(10, 42) action=0 move=(0, 0) ability=False
[ATTACKER GUARD GC] Cryocells pos=(9, 42) action=2 move=(-1, 0) ability=False
[ATTACKER GUARD GC] C0M pos=(14, 40) action=2 move=(-1, 0) ability=False
[ATTACKER GUARD GC] SyouTa pos=(18, 11) action=0 move=(0, 0) ability=False
[ATTACKER GUARD GC] Absol pos=(10, 42) action=0 move=(0, 0) ability=False
[ATTACKER GUARD GC] Cryocells pos=(8, 42) action=4 move=(1, 0) ability=False
[ATTACKER GUARD GC] C0M pos=(13, 40) action=4 move=(1, 0) ability=False
[ATTACKER GUARD GC] SyouTa pos=(18, 11) action=0 move=(0, 0) ability=False
[ATTACKER GUARD GC] Absol pos=(10, 42) action=0 move=(0, 0) ability=False
[ATTACKER GUARD GC] Cryocells pos=(9, 42) action=2 move=(-1, 0) ability=False
[ATTACKER GUARD GC] C0M pos=(14, 40) action=2 move=(-1, 0) ability=False
[ATTACKER GUARD GC] SyouTa pos=(18, 11) action=0 move=(0, 0) ability=False
[ATTACKER GUARD GC] Absol pos=(10, 42) action=0 move=(0, 0) ability=False
[ATTACKER GUARD GC] Cryocells pos=(8, 42) action=4 move=(1, 0) ability=False
[ATTACKER GUARD GC] C0M pos=(13, 40) action=4 move=(1, 0) ability=False
[ATTACKER GUARD GC] SyouTa pos=(18, 11) action=0 move=(0, 0) ability=False
[ATTACKER GUARD GC] Absol pos=(10, 42) action=0 move=(0, 0) ability=False
[ATTACKER GUARD GC] Cryocells pos=(9, 42) action=2 move=(-1, 0) ability=False
[ATTACKER GUARD GC] C0M pos=(14, 40) action=2 move=(-1, 0) ability=False
[ATTACKER GUARD GC] SyouTa pos=(18, 11) action=0 move=(0, 0) ability=False
[ATTACKER GUARD GC] Absol pos=(10, 42) action=0 move=(0, 0) ability=False
[ATTACKER GUARD GC] Cryocells pos=(8, 42) action=4 move=(1, 0) ability=False
[ATTACKER GUARD GC] C0M pos=(13, 40) action=4 move=(1, 0) ability=False
[ATTACKER GUARD GC] SyouTa pos=(18, 11) action=0 move=(0, 0) ability=False
[ATTACKER GUARD GC] Absol pos=(10, 42) action=0 move=(0, 0) ability=False
[ATTACKER GUARD GC] Cryocells pos=(9, 42) action=2 move=(-1, 0) ability=False
[ATTACKER GUARD GC] C0M pos=(14, 40) action=2 move=(-1, 0) ability=False
[ATTACKER GUARD GC] SyouTa pos=(18, 11) action=0 move=(0, 0) ability=False
[ATTACKER GUARD GC] Absol pos=(10, 42) action=2 move=(-1, 0) ability=False
[ATTACKER GUARD GC] Cryocells pos=(8, 42) action=2 move=(-1, 0) ability=False
[ATTACKER GUARD GC] C0M pos=(13, 40) action=4 move=(1, 0) ability=False
[ATTACKER GUARD GC] SyouTa pos=(18, 11) action=0 move=(0, 0) ability=False
[ATTACKER GUARD GC] Absol pos=(9, 42) action=4 move=(1, 0) ability=False
[ATTACKER GUARD GC] Cryocells pos=(7, 42) action=4 move=(1, 0) ability=False
[ATTACKER GUARD GC] C0M pos=(14, 40) action=7 move=(0, -1) ability=True
[ATTACKER GUARD GC] SyouTa pos=(18, 11) action=6 move=(0, -1) ability=False
[ATTACKER GUARD GC] Absol pos=(10, 42) action=0 move=(0, 0) ability=False
[ATTACKER GUARD GC] Cryocells pos=(8, 42) action=0 move=(0, 0) ability=False
[ATTACKER GUARD GC] C0M pos=(14, 40) action=7 move=(0, -1) ability=True
[ATTACKER GUARD GC] SyouTa pos=(18, 10) action=6 move=(0, -1) ability=False
[ATTACKER GUARD GC] Absol pos=(10, 42) action=0 move=(0, 0) ability=False
[ATTACKER GUARD GC] Cryocells pos=(8, 42) action=4 move=(1, 0) ability=False
[ATTACKER GUARD GC] C0M pos=(14, 40) action=0 move=(0, 0) ability=False
[ATTACKER GUARD GC] SyouTa pos=(18, 9) action=4 move=(1, 0) ability=False
[ATTACKER GUARD GC] Absol pos=(10, 42) action=0 move=(0, 0) ability=False
[ATTACKER GUARD GC] Cryocells pos=(9, 42) action=4 move=(1, 0) ability=False
[ATTACKER GUARD GC] C0M pos=(14, 40) action=0 move=(0, 0) ability=False
[ATTACKER GUARD GC] SyouTa pos=(19, 9) action=6 move=(0, -1) ability=False
[ATTACKER GUARD GC] Absol pos=(10, 42) action=0 move=(0, 0) ability=False
[ATTACKER GUARD GC] Cryocells pos=(9, 42) action=0 move=(0, 0) ability=False
[ATTACKER GUARD GC] C0M pos=(14, 40) action=0 move=(0, 0) ability=False
[ATTACKER GUARD GC] SyouTa pos=(19, 8) action=4 move=(1, 0) ability=False
[ATTACKER GUARD GC] Absol pos=(10, 42) action=0 move=(0, 0) ability=False
[ATTACKER GUARD GC] Cryocells pos=(9, 42) action=2 move=(-1, 0) ability=False
[ATTACKER GUARD GC] C0M pos=(14, 40) action=0 move=(0, 0) ability=False
[ATTACKER GUARD GC] SyouTa pos=(20, 8) action=2 move=(-1, 0) ability=False
[ATTACKER GUARD GC] Absol pos=(10, 42) action=0 move=(0, 0) ability=False
[ATTACKER GUARD GC] Cryocells pos=(8, 42) action=0 move=(0, 0) ability=False
[ATTACKER GUARD GC] C0M pos=(14, 40) action=0 move=(0, 0) ability=False
[ATTACKER GUARD GC] SyouTa pos=(19, 8) action=4 move=(1, 0) ability=False
[ATTACKER GUARD GC] Absol pos=(10, 42) action=0 move=(0, 0) ability=False
[ATTACKER GUARD GC] Cryocells pos=(8, 42) action=0 move=(0, 0) ability=False
[ATTACKER GUARD GC] C0M pos=(11, 40) action=0 move=(0, 0) ability=False
[ATTACKER GUARD GC] SyouTa pos=(18, 10) action=0 move=(0, 0) ability=False
[ATTACKER GUARD GC] Absol pos=(10, 40) action=0 move=(0, 0) ability=False
[ATTACKER GUARD GC] Cryocells pos=(6, 42) action=0 move=(0, 0) ability=False
[ATTACKER GUARD GC] SyouTa pos=(16, 12) action=2 move=(-1, 0) ability=False
[ATTACKER GUARD GC] Cryocells pos=(7, 42) action=0 move=(0, 0) ability=False
[ATTACKER GUARD GC] Cryocells pos=(7, 42) action=0 move=(0, 0) ability=False
[ATTACKER GUARD GC] Cryocells pos=(7, 42) action=0 move=(0, 0) ability=False
[ATTACKER GUARD GC] Cryocells pos=(7, 42) action=0 move=(0, 0) ability=False
[ATTACKER GUARD GC] Cryocells pos=(7, 42) action=0 move=(0, 0) ability=False
[ATTACKER GUARD GC] Cryocells pos=(7, 42) action=4 move=(1, 0) ability=False
[ATTACKER GUARD GC] SyouTa pos=(15, 12) action=4 move=(1, 0) ability=False
[ATTACKER GUARD GC] Cryocells pos=(8, 42) action=4 move=(1, 0) ability=False
[ATTACKER GUARD GC] SyouTa pos=(16, 12) action=2 move=(-1, 0) ability=False
[ATTACKER GUARD GC] Cryocells pos=(9, 42) action=2 move=(-1, 0) ability=False
[ATTACKER GUARD GC] SyouTa pos=(15, 12) action=4 move=(1, 0) ability=False
[ATTACKER GUARD GC] Cryocells pos=(8, 42) action=0 move=(0, 0) ability=False
[ATTACKER GUARD GC] SyouTa pos=(16, 12) action=2 move=(-1, 0) ability=False
[ATTACKER GUARD GC] Cryocells pos=(8, 42) action=0 move=(0, 0) ability=False
[GC Macro] tick=9 REHIT_A -> MID_TO_B
[GC GUARD] planted=(10, 40) pattern=8 assignments={'Absol': (13, 40), 'C0M': (14, 40), 'Cryocells': (10, 42), 'SugarZ3ro': (10, 38), 'SyouTa': (9, 42)}
[ATTACKER GUARD GC] C0M pos=(19, 40) action=8 move=(0, 1) ability=False
[ATTACKER GUARD GC] SyouTa pos=(18, 40) action=2 move=(-1, 0) ability=False
[ATTACKER GUARD GC] Cryocells pos=(10, 42) action=0 move=(0, 0) ability=False
[ATTACKER GUARD GC] SugarZ3ro pos=(8, 40) action=4 move=(1, 0) ability=False
[ATTACKER GUARD GC] C0M pos=(19, 41) action=6 move=(0, -1) ability=False
[ATTACKER GUARD GC] SyouTa pos=(17, 40) action=2 move=(-1, 0) ability=False
[ATTACKER GUARD GC] Absol pos=(10, 40) action=4 move=(1, 0) ability=False
[ATTACKER GUARD GC] Cryocells pos=(10, 42) action=0 move=(0, 0) ability=False
[ATTACKER GUARD GC] SugarZ3ro pos=(9, 40) action=4 move=(1, 0) ability=False
[ATTACKER GUARD GC] C0M pos=(19, 40) action=2 move=(-1, 0) ability=False
[ATTACKER GUARD GC] SyouTa pos=(16, 40) action=2 move=(-1, 0) ability=False
[ATTACKER GUARD GC] Absol pos=(11, 40) action=4 move=(1, 0) ability=False
[ATTACKER GUARD GC] Cryocells pos=(10, 42) action=0 move=(0, 0) ability=False
[ATTACKER GUARD GC] SugarZ3ro pos=(10, 40) action=6 move=(0, -1) ability=False
[ATTACKER GUARD GC] C0M pos=(18, 40) action=2 move=(-1, 0) ability=False
[ATTACKER GUARD GC] SyouTa pos=(15, 40) action=2 move=(-1, 0) ability=False
[ATTACKER GUARD GC] Absol pos=(12, 40) action=4 move=(1, 0) ability=False
[ATTACKER GUARD GC] Cryocells pos=(10, 42) action=0 move=(0, 0) ability=False
[ATTACKER GUARD GC] SugarZ3ro pos=(10, 39) action=6 move=(0, -1) ability=False
[ATTACKER GUARD GC] C0M pos=(17, 40) action=2 move=(-1, 0) ability=False
[ATTACKER GUARD GC] SyouTa pos=(14, 40) action=0 move=(0, 0) ability=False
[ATTACKER GUARD GC] Absol pos=(13, 40) action=2 move=(-1, 0) ability=False
[ATTACKER GUARD GC] Cryocells pos=(10, 42) action=0 move=(0, 0) ability=False
[ATTACKER GUARD GC] SugarZ3ro pos=(10, 38) action=0 move=(0, 0) ability=False
[ATTACKER GUARD GC] C0M pos=(16, 40) action=2 move=(-1, 0) ability=False
[ATTACKER GUARD GC] SyouTa pos=(14, 40) action=2 move=(-1, 0) ability=False
[ATTACKER GUARD GC] Absol pos=(12, 40) action=1 move=(0, 0) ability=True
[ATTACKER GUARD GC] Cryocells pos=(10, 42) action=0 move=(0, 0) ability=False
[ATTACKER GUARD GC] SugarZ3ro pos=(10, 38) action=0 move=(0, 0) ability=False
[ATTACKER GUARD GC] C0M pos=(15, 40) action=2 move=(-1, 0) ability=False
[ATTACKER GUARD GC] SyouTa pos=(13, 40) action=2 move=(-1, 0) ability=False
[ATTACKER GUARD GC] Absol pos=(12, 40) action=0 move=(0, 0) ability=False
[ATTACKER GUARD GC] Cryocells pos=(10, 42) action=0 move=(0, 0) ability=False
[ATTACKER GUARD GC] SugarZ3ro pos=(10, 38) action=0 move=(0, 0) ability=False
[ATTACKER GUARD GC] C0M pos=(14, 40) action=3 move=(-1, 0) ability=True
[ATTACKER GUARD GC] SyouTa pos=(13, 40) action=0 move=(0, 0) ability=False
[ATTACKER GUARD GC] Absol pos=(12, 40) action=0 move=(0, 0) ability=False
[ATTACKER GUARD GC] Cryocells pos=(10, 42) action=0 move=(0, 0) ability=False
[ATTACKER GUARD GC] SugarZ3ro pos=(10, 38) action=0 move=(0, 0) ability=False
[ATTACKER GUARD GC] C0M pos=(14, 40) action=3 move=(-1, 0) ability=True
[ATTACKER GUARD GC] SyouTa pos=(13, 40) action=0 move=(0, 0) ability=False
[ATTACKER GUARD GC] Absol pos=(12, 40) action=0 move=(0, 0) ability=False
[ATTACKER GUARD GC] Cryocells pos=(10, 42) action=0 move=(0, 0) ability=False
[ATTACKER GUARD GC] SugarZ3ro pos=(10, 38) action=0 move=(0, 0) ability=False
[ATTACKER GUARD GC] C0M pos=(14, 40) action=2 move=(-1, 0) ability=False
[ATTACKER GUARD GC] SyouTa pos=(13, 40) action=2 move=(-1, 0) ability=False
[ATTACKER GUARD GC] Absol pos=(12, 40) action=0 move=(0, 0) ability=False
[ATTACKER GUARD GC] Cryocells pos=(10, 42) action=0 move=(0, 0) ability=False
[ATTACKER GUARD GC] SugarZ3ro pos=(10, 38) action=0 move=(0, 0) ability=False
[ATTACKER GUARD GC] C0M pos=(14, 40) action=0 move=(0, 0) ability=False
[ATTACKER GUARD GC] SyouTa pos=(13, 40) action=0 move=(0, 0) ability=False
[ATTACKER GUARD GC] Absol pos=(12, 40) action=0 move=(0, 0) ability=False
[ATTACKER GUARD GC] Cryocells pos=(10, 42) action=0 move=(0, 0) ability=False
[ATTACKER GUARD GC] SugarZ3ro pos=(10, 38) action=0 move=(0, 0) ability=False
[ATTACKER GUARD GC] C0M pos=(14, 40) action=0 move=(0, 0) ability=False
[ATTACKER GUARD GC] SyouTa pos=(13, 40) action=2 move=(-1, 0) ability=False
[ATTACKER GUARD GC] Absol pos=(12, 40) action=0 move=(0, 0) ability=False
[ATTACKER GUARD GC] Cryocells pos=(10, 42) action=0 move=(0, 0) ability=False
[ATTACKER GUARD GC] SugarZ3ro pos=(10, 38) action=0 move=(0, 0) ability=False
[ATTACKER GUARD GC] C0M pos=(14, 40) action=0 move=(0, 0) ability=False
[ATTACKER GUARD GC] SyouTa pos=(13, 40) action=0 move=(0, 0) ability=False
[ATTACKER GUARD GC] Absol pos=(12, 40) action=0 move=(0, 0) ability=False
[ATTACKER GUARD GC] Cryocells pos=(10, 42) action=0 move=(0, 0) ability=False
[ATTACKER GUARD GC] SugarZ3ro pos=(10, 38) action=0 move=(0, 0) ability=False
[ATTACKER GUARD GC] C0M pos=(14, 40) action=0 move=(0, 0) ability=False
[ATTACKER GUARD GC] SyouTa pos=(13, 40) action=2 move=(-1, 0) ability=False
[ATTACKER GUARD GC] Absol pos=(12, 40) action=0 move=(0, 0) ability=False
[ATTACKER GUARD GC] Cryocells pos=(10, 42) action=0 move=(0, 0) ability=False
[ATTACKER GUARD GC] SugarZ3ro pos=(10, 38) action=0 move=(0, 0) ability=False
[ATTACKER GUARD GC] C0M pos=(14, 40) action=0 move=(0, 0) ability=False
[ATTACKER GUARD GC] SyouTa pos=(13, 40) action=2 move=(-1, 0) ability=False
[ATTACKER GUARD GC] Absol pos=(12, 40) action=0 move=(0, 0) ability=False
[ATTACKER GUARD GC] Cryocells pos=(10, 42) action=0 move=(0, 0) ability=False
[ATTACKER GUARD GC] SugarZ3ro pos=(10, 38) action=0 move=(0, 0) ability=False
[ATTACKER GUARD GC] C0M pos=(14, 40) action=0 move=(0, 0) ability=False
[ATTACKER GUARD GC] SyouTa pos=(13, 40) action=2 move=(-1, 0) ability=False
[ATTACKER GUARD GC] Absol pos=(12, 40) action=0 move=(0, 0) ability=False
[ATTACKER GUARD GC] Cryocells pos=(10, 42) action=0 move=(0, 0) ability=False
[ATTACKER GUARD GC] SugarZ3ro pos=(10, 38) action=0 move=(0, 0) ability=False
[ATTACKER GUARD GC] C0M pos=(14, 40) action=0 move=(0, 0) ability=False
[ATTACKER GUARD GC] SyouTa pos=(13, 40) action=0 move=(0, 0) ability=False
[ATTACKER GUARD GC] Absol pos=(12, 40) action=0 move=(0, 0) ability=False
[ATTACKER GUARD GC] Cryocells pos=(10, 42) action=0 move=(0, 0) ability=False
[ATTACKER GUARD GC] SugarZ3ro pos=(10, 38) action=0 move=(0, 0) ability=False
[ATTACKER GUARD GC] C0M pos=(14, 40) action=0 move=(0, 0) ability=False
[ATTACKER GUARD GC] SyouTa pos=(13, 40) action=0 move=(0, 0) ability=False
[ATTACKER GUARD GC] Absol pos=(12, 40) action=0 move=(0, 0) ability=False
[ATTACKER GUARD GC] Cryocells pos=(10, 42) action=0 move=(0, 0) ability=False
[ATTACKER GUARD GC] SugarZ3ro pos=(10, 38) action=0 move=(0, 0) ability=False
[ATTACKER GUARD GC] C0M pos=(14, 40) action=0 move=(0, 0) ability=False
[ATTACKER GUARD GC] SyouTa pos=(13, 40) action=4 move=(1, 0) ability=False
[ATTACKER GUARD GC] Absol pos=(12, 40) action=0 move=(0, 0) ability=False
[ATTACKER GUARD GC] Cryocells pos=(10, 42) action=0 move=(0, 0) ability=False
[ATTACKER GUARD GC] SugarZ3ro pos=(10, 38) action=0 move=(0, 0) ability=False
[ATTACKER GUARD GC] C0M pos=(14, 40) action=0 move=(0, 0) ability=False
[ATTACKER GUARD GC] SyouTa pos=(13, 40) action=0 move=(0, 0) ability=False
[ATTACKER GUARD GC] Absol pos=(12, 40) action=0 move=(0, 0) ability=False
[ATTACKER GUARD GC] Cryocells pos=(10, 42) action=0 move=(0, 0) ability=False
[ATTACKER GUARD GC] SugarZ3ro pos=(10, 38) action=0 move=(0, 0) ability=False
[ATTACKER GUARD GC] C0M pos=(14, 40) action=0 move=(0, 0) ability=False
[ATTACKER GUARD GC] SyouTa pos=(13, 40) action=2 move=(-1, 0) ability=False
[ATTACKER GUARD GC] Absol pos=(12, 40) action=0 move=(0, 0) ability=False
[ATTACKER GUARD GC] Cryocells pos=(10, 42) action=0 move=(0, 0) ability=False
[ATTACKER GUARD GC] SugarZ3ro pos=(10, 38) action=0 move=(0, 0) ability=False
[ATTACKER GUARD GC] C0M pos=(14, 40) action=0 move=(0, 0) ability=False
[ATTACKER GUARD GC] SyouTa pos=(13, 40) action=2 move=(-1, 0) ability=False
[ATTACKER GUARD GC] Absol pos=(12, 40) action=0 move=(0, 0) ability=False
[ATTACKER GUARD GC] Cryocells pos=(10, 42) action=0 move=(0, 0) ability=False
[ATTACKER GUARD GC] SugarZ3ro pos=(10, 38) action=0 move=(0, 0) ability=False
[ATTACKER GUARD GC] C0M pos=(14, 40) action=0 move=(0, 0) ability=False
[ATTACKER GUARD GC] SyouTa pos=(13, 40) action=0 move=(0, 0) ability=False
[ATTACKER GUARD GC] Absol pos=(12, 40) action=0 move=(0, 0) ability=False
[ATTACKER GUARD GC] Cryocells pos=(10, 42) action=0 move=(0, 0) ability=False
[ATTACKER GUARD GC] SugarZ3ro pos=(10, 38) action=0 move=(0, 0) ability=False
[ATTACKER GUARD GC] C0M pos=(14, 40) action=2 move=(-1, 0) ability=False
[ATTACKER GUARD GC] SyouTa pos=(13, 40) action=0 move=(0, 0) ability=False
[ATTACKER GUARD GC] Absol pos=(12, 40) action=0 move=(0, 0) ability=False
[ATTACKER GUARD GC] Cryocells pos=(10, 42) action=0 move=(0, 0) ability=False
[ATTACKER GUARD GC] SugarZ3ro pos=(10, 38) action=0 move=(0, 0) ability=False
[ATTACKER GUARD GC] C0M pos=(14, 40) action=0 move=(0, 0) ability=False
[ATTACKER GUARD GC] SyouTa pos=(13, 40) action=2 move=(-1, 0) ability=False
[ATTACKER GUARD GC] Absol pos=(12, 40) action=0 move=(0, 0) ability=False
[ATTACKER GUARD GC] Cryocells pos=(10, 42) action=0 move=(0, 0) ability=False
[ATTACKER GUARD GC] SugarZ3ro pos=(10, 38) action=0 move=(0, 0) ability=False
[ATTACKER GUARD GC] C0M pos=(14, 40) action=0 move=(0, 0) ability=False
[ATTACKER GUARD GC] SyouTa pos=(13, 40) action=0 move=(0, 0) ability=False
[ATTACKER GUARD GC] Absol pos=(12, 40) action=0 move=(0, 0) ability=False
[ATTACKER GUARD GC] Cryocells pos=(10, 42) action=0 move=(0, 0) ability=False
[ATTACKER GUARD GC] SugarZ3ro pos=(10, 38) action=0 move=(0, 0) ability=False
[ATTACKER GUARD GC] C0M pos=(14, 40) action=0 move=(0, 0) ability=False
[ATTACKER GUARD GC] SyouTa pos=(13, 40) action=0 move=(0, 0) ability=False
[ATTACKER GUARD GC] Absol pos=(12, 40) action=0 move=(0, 0) ability=False
[ATTACKER GUARD GC] Cryocells pos=(10, 42) action=0 move=(0, 0) ability=False
[ATTACKER GUARD GC] SugarZ3ro pos=(10, 38) action=0 move=(0, 0) ability=False
[ATTACKER GUARD GC] C0M pos=(14, 40) action=0 move=(0, 0) ability=False
[ATTACKER GUARD GC] SyouTa pos=(13, 40) action=2 move=(-1, 0) ability=False
[ATTACKER GUARD GC] Absol pos=(12, 40) action=0 move=(0, 0) ability=False
[ATTACKER GUARD GC] Cryocells pos=(10, 42) action=0 move=(0, 0) ability=False
[ATTACKER GUARD GC] SugarZ3ro pos=(10, 38) action=0 move=(0, 0) ability=False
[ATTACKER GUARD GC] C0M pos=(14, 40) action=0 move=(0, 0) ability=False
[ATTACKER GUARD GC] SyouTa pos=(13, 40) action=0 move=(0, 0) ability=False
[ATTACKER GUARD GC] Absol pos=(12, 40) action=0 move=(0, 0) ability=False
[ATTACKER GUARD GC] Cryocells pos=(10, 42) action=0 move=(0, 0) ability=False
[ATTACKER GUARD GC] SugarZ3ro pos=(10, 38) action=0 move=(0, 0) ability=False
[ATTACKER GUARD GC] C0M pos=(14, 40) action=0 move=(0, 0) ability=False
[ATTACKER GUARD GC] SyouTa pos=(13, 40) action=2 move=(-1, 0) ability=False
[ATTACKER GUARD GC] Absol pos=(12, 40) action=0 move=(0, 0) ability=False
[ATTACKER GUARD GC] Cryocells pos=(10, 42) action=0 move=(0, 0) ability=False
[ATTACKER GUARD GC] SugarZ3ro pos=(10, 38) action=0 move=(0, 0) ability=False
[ATTACKER GUARD GC] C0M pos=(14, 40) action=0 move=(0, 0) ability=False
[ATTACKER GUARD GC] SyouTa pos=(13, 40) action=5 move=(1, 0) ability=True
[ATTACKER GUARD GC] Absol pos=(12, 40) action=0 move=(0, 0) ability=False
[ATTACKER GUARD GC] Cryocells pos=(10, 42) action=0 move=(0, 0) ability=False
[ATTACKER GUARD GC] SugarZ3ro pos=(10, 38) action=0 move=(0, 0) ability=False
[ATTACKER GUARD GC] C0M pos=(14, 40) action=0 move=(0, 0) ability=False
[ATTACKER GUARD GC] SyouTa pos=(13, 40) action=0 move=(0, 0) ability=False
[ATTACKER GUARD GC] Absol pos=(12, 40) action=0 move=(0, 0) ability=False
[ATTACKER GUARD GC] Cryocells pos=(10, 42) action=0 move=(0, 0) ability=False
[ATTACKER GUARD GC] SugarZ3ro pos=(10, 38) action=0 move=(0, 0) ability=False
[ATTACKER GUARD GC] C0M pos=(14, 40) action=2 move=(-1, 0) ability=False
[ATTACKER GUARD GC] SyouTa pos=(13, 40) action=0 move=(0, 0) ability=False
[ATTACKER GUARD GC] Absol pos=(12, 40) action=0 move=(0, 0) ability=False
[ATTACKER GUARD GC] Cryocells pos=(10, 42) action=0 move=(0, 0) ability=False
[ATTACKER GUARD GC] SugarZ3ro pos=(10, 38) action=0 move=(0, 0) ability=False
[ATTACKER GUARD GC] C0M pos=(14, 40) action=2 move=(-1, 0) ability=False
[ATTACKER GUARD GC] SyouTa pos=(13, 40) action=0 move=(0, 0) ability=False
[ATTACKER GUARD GC] Absol pos=(12, 40) action=0 move=(0, 0) ability=False
[ATTACKER GUARD GC] Cryocells pos=(10, 42) action=0 move=(0, 0) ability=False
[ATTACKER GUARD GC] SugarZ3ro pos=(10, 38) action=0 move=(0, 0) ability=False
[ATTACKER GUARD GC] C0M pos=(14, 40) action=0 move=(0, 0) ability=False
[ATTACKER GUARD GC] SyouTa pos=(13, 40) action=2 move=(-1, 0) ability=False
[ATTACKER GUARD GC] Absol pos=(12, 40) action=0 move=(0, 0) ability=False
[ATTACKER GUARD GC] Cryocells pos=(10, 42) action=0 move=(0, 0) ability=False
[ATTACKER GUARD GC] SugarZ3ro pos=(10, 38) action=0 move=(0, 0) ability=False
[ATTACKER GUARD GC] C0M pos=(14, 40) action=0 move=(0, 0) ability=False
[ATTACKER GUARD GC] SyouTa pos=(13, 40) action=2 move=(-1, 0) ability=False
[ATTACKER GUARD GC] Absol pos=(12, 40) action=0 move=(0, 0) ability=False
[ATTACKER GUARD GC] Cryocells pos=(10, 42) action=0 move=(0, 0) ability=False
[ATTACKER GUARD GC] SugarZ3ro pos=(10, 38) action=0 move=(0, 0) ability=False
[ATTACKER GUARD GC] C0M pos=(14, 40) action=0 move=(0, 0) ability=False
[ATTACKER GUARD GC] SyouTa pos=(13, 40) action=0 move=(0, 0) ability=False
[ATTACKER GUARD GC] Absol pos=(12, 40) action=0 move=(0, 0) ability=False
[ATTACKER GUARD GC] Cryocells pos=(10, 42) action=2 move=(-1, 0) ability=False
[ATTACKER GUARD GC] C0M pos=(14, 40) action=0 move=(0, 0) ability=False
[ATTACKER GUARD GC] SyouTa pos=(13, 40) action=2 move=(-1, 0) ability=False
[ATTACKER GUARD GC] Absol pos=(12, 40) action=0 move=(0, 0) ability=False
[ATTACKER GUARD GC] Cryocells pos=(9, 42) action=4 move=(1, 0) ability=False
[ATTACKER GUARD GC] C0M pos=(14, 40) action=0 move=(0, 0) ability=False
[ATTACKER GUARD GC] SyouTa pos=(13, 40) action=0 move=(0, 0) ability=False
[ATTACKER GUARD GC] Absol pos=(12, 40) action=0 move=(0, 0) ability=False
[ATTACKER GUARD GC] Cryocells pos=(10, 42) action=2 move=(-1, 0) ability=False
[ATTACKER GUARD GC] C0M pos=(14, 40) action=6 move=(0, -1) ability=False
[ATTACKER GUARD GC] SyouTa pos=(13, 40) action=0 move=(0, 0) ability=False
[ATTACKER GUARD GC] Absol pos=(12, 40) action=0 move=(0, 0) ability=False
[ATTACKER GUARD GC] Cryocells pos=(9, 42) action=0 move=(0, 0) ability=False
[ATTACKER GUARD GC] C0M pos=(14, 39) action=8 move=(0, 1) ability=False
[ATTACKER GUARD GC] SyouTa pos=(13, 40) action=0 move=(0, 0) ability=False
[ATTACKER GUARD GC] Absol pos=(12, 40) action=0 move=(0, 0) ability=False
[ATTACKER GUARD GC] Cryocells pos=(9, 42) action=0 move=(0, 0) ability=False
[ATTACKER GUARD GC] C0M pos=(14, 37) action=8 move=(0, 1) ability=False
[ATTACKER GUARD GC] SyouTa pos=(14, 40) action=0 move=(0, 0) ability=False
[ATTACKER GUARD GC] Absol pos=(11, 40) action=4 move=(1, 0) ability=False
[ATTACKER GUARD GC] Cryocells pos=(10, 40) action=8 move=(0, 1) ability=False
[ATTACKER GUARD GC] C0M pos=(14, 38) action=8 move=(0, 1) ability=False
[ATTACKER GUARD GC] SyouTa pos=(14, 40) action=0 move=(0, 0) ability=False
[ATTACKER GUARD GC] Absol pos=(12, 40) action=4 move=(1, 0) ability=False
[ATTACKER GUARD GC] Cryocells pos=(10, 41) action=8 move=(0, 1) ability=False
[ATTACKER GUARD GC] C0M pos=(14, 39) action=0 move=(0, 0) ability=False
[ATTACKER GUARD GC] SyouTa pos=(14, 40) action=0 move=(0, 0) ability=False
[ATTACKER GUARD GC] Absol pos=(13, 40) action=0 move=(0, 0) ability=False
[ATTACKER GUARD GC] Cryocells pos=(10, 42) action=0 move=(0, 0) ability=False
[ATTACKER GUARD GC] C0M pos=(14, 38) action=0 move=(0, 0) ability=False
[ATTACKER GUARD GC] SyouTa pos=(14, 40) action=0 move=(0, 0) ability=False
[ATTACKER GUARD GC] Absol pos=(11, 40) action=0 move=(0, 0) ability=False
[ATTACKER GUARD GC] Cryocells pos=(10, 40) action=8 move=(0, 1) ability=False
[ATTACKER GUARD GC] C0M pos=(14, 37) action=0 move=(0, 0) ability=False
[ATTACKER GUARD GC] SyouTa pos=(15, 40) action=0 move=(0, 0) ability=False
[ATTACKER GUARD GC] Absol pos=(10, 40) action=4 move=(1, 0) ability=False
[ATTACKER GUARD GC] Cryocells pos=(10, 42) action=0 move=(0, 0) ability=False
[GC GUARD] planted=(10, 39) pattern=8 assignments={'Absol': (10, 38), 'C0M': (14, 40), 'Cryocells': (13, 40), 'SugarZ3ro': (10, 42), 'SyouTa': (9, 42)}
[ATTACKER GUARD GC] C0M pos=(20, 42) action=2 move=(-1, 0) ability=False
[ATTACKER GUARD GC] SyouTa pos=(18, 33) action=8 move=(0, 1) ability=False
[ATTACKER GUARD GC] Cryocells pos=(18, 40) action=2 move=(-1, 0) ability=False
[ATTACKER GUARD GC] SugarZ3ro pos=(15, 40) action=2 move=(-1, 0) ability=False
[ATTACKER GUARD GC] C0M pos=(19, 42) action=2 move=(-1, 0) ability=False
[ATTACKER GUARD GC] SyouTa pos=(18, 34) action=8 move=(0, 1) ability=False
[ATTACKER GUARD GC] Absol pos=(10, 40) action=6 move=(0, -1) ability=False
[ATTACKER GUARD GC] Cryocells pos=(17, 40) action=2 move=(-1, 0) ability=False
[ATTACKER GUARD GC] SugarZ3ro pos=(14, 40) action=2 move=(-1, 0) ability=False
[ATTACKER GUARD GC] C0M pos=(18, 42) action=6 move=(0, -1) ability=False
[ATTACKER GUARD GC] SyouTa pos=(18, 35) action=8 move=(0, 1) ability=False
[ATTACKER GUARD GC] Absol pos=(10, 39) action=6 move=(0, -1) ability=False
[ATTACKER GUARD GC] Cryocells pos=(16, 40) action=2 move=(-1, 0) ability=False
[ATTACKER GUARD GC] SugarZ3ro pos=(13, 40) action=2 move=(-1, 0) ability=False
[ATTACKER GUARD GC] C0M pos=(18, 41) action=6 move=(0, -1) ability=False
[ATTACKER GUARD GC] SyouTa pos=(18, 36) action=2 move=(-1, 0) ability=False
[ATTACKER GUARD GC] Absol pos=(10, 38) action=0 move=(0, 0) ability=False
[ATTACKER GUARD GC] Cryocells pos=(15, 40) action=2 move=(-1, 0) ability=False
[ATTACKER GUARD GC] SugarZ3ro pos=(12, 40) action=2 move=(-1, 0) ability=False
[ATTACKER GUARD GC] C0M pos=(18, 40) action=2 move=(-1, 0) ability=False
[ATTACKER GUARD GC] SyouTa pos=(17, 36) action=8 move=(0, 1) ability=False
[ATTACKER GUARD GC] Absol pos=(10, 38) action=0 move=(0, 0) ability=False
[ATTACKER GUARD GC] Cryocells pos=(14, 40) action=2 move=(-1, 0) ability=False
[ATTACKER GUARD GC] SugarZ3ro pos=(11, 40) action=2 move=(-1, 0) ability=False
[ATTACKER GUARD GC] C0M pos=(17, 40) action=2 move=(-1, 0) ability=False
[ATTACKER GUARD GC] SyouTa pos=(17, 37) action=8 move=(0, 1) ability=False
[ATTACKER GUARD GC] Absol pos=(10, 38) action=0 move=(0, 0) ability=False
[ATTACKER GUARD GC] Cryocells pos=(13, 40) action=0 move=(0, 0) ability=False
[ATTACKER GUARD GC] SugarZ3ro pos=(10, 40) action=8 move=(0, 1) ability=False
[ATTACKER GUARD GC] C0M pos=(16, 40) action=2 move=(-1, 0) ability=False
[ATTACKER GUARD GC] SyouTa pos=(17, 38) action=8 move=(0, 1) ability=False
[ATTACKER GUARD GC] Absol pos=(10, 38) action=0 move=(0, 0) ability=False
[ATTACKER GUARD GC] Cryocells pos=(13, 40) action=0 move=(0, 0) ability=False
[ATTACKER GUARD GC] SugarZ3ro pos=(10, 41) action=8 move=(0, 1) ability=False
[ATTACKER GUARD GC] C0M pos=(15, 40) action=2 move=(-1, 0) ability=False
[ATTACKER GUARD GC] SyouTa pos=(17, 39) action=8 move=(0, 1) ability=False
[ATTACKER GUARD GC] Absol pos=(10, 38) action=0 move=(0, 0) ability=False
[ATTACKER GUARD GC] Cryocells pos=(13, 40) action=0 move=(0, 0) ability=False
[ATTACKER GUARD GC] SugarZ3ro pos=(10, 42) action=0 move=(0, 0) ability=False
[ATTACKER GUARD GC] C0M pos=(14, 40) action=0 move=(0, 0) ability=False
[ATTACKER GUARD GC] SyouTa pos=(17, 40) action=2 move=(-1, 0) ability=False
[ATTACKER GUARD GC] Absol pos=(10, 38) action=0 move=(0, 0) ability=False
[ATTACKER GUARD GC] Cryocells pos=(13, 40) action=0 move=(0, 0) ability=False
[ATTACKER GUARD GC] SugarZ3ro pos=(10, 42) action=0 move=(0, 0) ability=False
[ATTACKER GUARD GC] C0M pos=(14, 40) action=0 move=(0, 0) ability=False
[ATTACKER GUARD GC] SyouTa pos=(16, 40) action=2 move=(-1, 0) ability=False
[ATTACKER GUARD GC] Absol pos=(10, 38) action=0 move=(0, 0) ability=False
[ATTACKER GUARD GC] Cryocells pos=(13, 40) action=0 move=(0, 0) ability=False
[ATTACKER GUARD GC] SugarZ3ro pos=(10, 42) action=0 move=(0, 0) ability=False
[ATTACKER GUARD GC] C0M pos=(14, 40) action=7 move=(0, -1) ability=True
[ATTACKER GUARD GC] SyouTa pos=(15, 40) action=0 move=(0, 0) ability=False
[ATTACKER GUARD GC] Absol pos=(10, 38) action=0 move=(0, 0) ability=False
[ATTACKER GUARD GC] Cryocells pos=(13, 40) action=0 move=(0, 0) ability=False
[ATTACKER GUARD GC] SugarZ3ro pos=(10, 42) action=0 move=(0, 0) ability=False
[ATTACKER GUARD GC] C0M pos=(14, 40) action=0 move=(0, 0) ability=False
[ATTACKER GUARD GC] SyouTa pos=(15, 40) action=0 move=(0, 0) ability=False
[ATTACKER GUARD GC] Absol pos=(10, 38) action=0 move=(0, 0) ability=False
[ATTACKER GUARD GC] Cryocells pos=(13, 40) action=4 move=(1, 0) ability=False
[ATTACKER GUARD GC] SugarZ3ro pos=(10, 42) action=0 move=(0, 0) ability=False
[ATTACKER GUARD GC] C0M pos=(14, 40) action=7 move=(0, -1) ability=True
[ATTACKER GUARD GC] SyouTa pos=(15, 40) action=0 move=(0, 0) ability=False
[ATTACKER GUARD GC] Absol pos=(10, 38) action=0 move=(0, 0) ability=False
[ATTACKER GUARD GC] Cryocells pos=(13, 40) action=0 move=(0, 0) ability=False
[ATTACKER GUARD GC] SugarZ3ro pos=(10, 42) action=0 move=(0, 0) ability=False
[ATTACKER GUARD GC] C0M pos=(14, 40) action=4 move=(1, 0) ability=False
[ATTACKER GUARD GC] SyouTa pos=(15, 40) action=0 move=(0, 0) ability=False
[ATTACKER GUARD GC] Absol pos=(10, 38) action=0 move=(0, 0) ability=False
[ATTACKER GUARD GC] Cryocells pos=(13, 40) action=0 move=(0, 0) ability=False
[ATTACKER GUARD GC] SugarZ3ro pos=(10, 42) action=0 move=(0, 0) ability=False
[ATTACKER GUARD GC] C0M pos=(14, 40) action=0 move=(0, 0) ability=False
[ATTACKER GUARD GC] SyouTa pos=(15, 40) action=2 move=(-1, 0) ability=False
[ATTACKER GUARD GC] Absol pos=(10, 38) action=0 move=(0, 0) ability=False
[ATTACKER GUARD GC] Cryocells pos=(13, 40) action=4 move=(1, 0) ability=False
[ATTACKER GUARD GC] SugarZ3ro pos=(10, 42) action=0 move=(0, 0) ability=False
[ATTACKER GUARD GC] C0M pos=(14, 40) action=0 move=(0, 0) ability=False
[ATTACKER GUARD GC] SyouTa pos=(15, 40) action=0 move=(0, 0) ability=False
[ATTACKER GUARD GC] Absol pos=(10, 38) action=0 move=(0, 0) ability=False
[ATTACKER GUARD GC] Cryocells pos=(13, 40) action=0 move=(0, 0) ability=False
[ATTACKER GUARD GC] SugarZ3ro pos=(10, 42) action=0 move=(0, 0) ability=False
[ATTACKER GUARD GC] C0M pos=(14, 40) action=0 move=(0, 0) ability=False
[ATTACKER GUARD GC] SyouTa pos=(15, 40) action=0 move=(0, 0) ability=False
[ATTACKER GUARD GC] Absol pos=(10, 38) action=0 move=(0, 0) ability=False
[ATTACKER GUARD GC] Cryocells pos=(13, 40) action=0 move=(0, 0) ability=False
[ATTACKER GUARD GC] SugarZ3ro pos=(10, 42) action=0 move=(0, 0) ability=False
[ATTACKER GUARD GC] C0M pos=(14, 40) action=4 move=(1, 0) ability=False
[ATTACKER GUARD GC] SyouTa pos=(15, 40) action=0 move=(0, 0) ability=False
[ATTACKER GUARD GC] Absol pos=(10, 38) action=0 move=(0, 0) ability=False
[ATTACKER GUARD GC] Cryocells pos=(13, 40) action=0 move=(0, 0) ability=False
[ATTACKER GUARD GC] SugarZ3ro pos=(10, 42) action=0 move=(0, 0) ability=False
[ATTACKER GUARD GC] C0M pos=(14, 40) action=0 move=(0, 0) ability=False
[ATTACKER GUARD GC] SyouTa pos=(15, 40) action=0 move=(0, 0) ability=False
[ATTACKER GUARD GC] Absol pos=(10, 38) action=0 move=(0, 0) ability=False
[ATTACKER GUARD GC] Cryocells pos=(13, 40) action=0 move=(0, 0) ability=False
[ATTACKER GUARD GC] SugarZ3ro pos=(10, 42) action=0 move=(0, 0) ability=False
[ATTACKER GUARD GC] C0M pos=(14, 40) action=0 move=(0, 0) ability=False
[ATTACKER GUARD GC] SyouTa pos=(15, 40) action=2 move=(-1, 0) ability=False
[ATTACKER GUARD GC] Absol pos=(10, 38) action=0 move=(0, 0) ability=False
[ATTACKER GUARD GC] Cryocells pos=(13, 40) action=0 move=(0, 0) ability=False
[ATTACKER GUARD GC] SugarZ3ro pos=(10, 42) action=0 move=(0, 0) ability=False
[ATTACKER GUARD GC] C0M pos=(14, 40) action=0 move=(0, 0) ability=False
[ATTACKER GUARD GC] SyouTa pos=(15, 40) action=2 move=(-1, 0) ability=False
[ATTACKER GUARD GC] Absol pos=(10, 38) action=0 move=(0, 0) ability=False
[ATTACKER GUARD GC] Cryocells pos=(13, 40) action=0 move=(0, 0) ability=False
[ATTACKER GUARD GC] SugarZ3ro pos=(10, 42) action=0 move=(0, 0) ability=False
[ATTACKER GUARD GC] C0M pos=(14, 40) action=0 move=(0, 0) ability=False
[ATTACKER GUARD GC] SyouTa pos=(15, 40) action=0 move=(0, 0) ability=False
[ATTACKER GUARD GC] Absol pos=(10, 38) action=0 move=(0, 0) ability=False
[ATTACKER GUARD GC] Cryocells pos=(13, 40) action=0 move=(0, 0) ability=False
[ATTACKER GUARD GC] SugarZ3ro pos=(10, 42) action=0 move=(0, 0) ability=False
[ATTACKER GUARD GC] C0M pos=(14, 40) action=0 move=(0, 0) ability=False
[ATTACKER GUARD GC] SyouTa pos=(15, 40) action=2 move=(-1, 0) ability=False
[ATTACKER GUARD GC] Absol pos=(10, 38) action=0 move=(0, 0) ability=False
[ATTACKER GUARD GC] Cryocells pos=(13, 40) action=0 move=(0, 0) ability=False
[ATTACKER GUARD GC] SugarZ3ro pos=(10, 42) action=0 move=(0, 0) ability=False
[ATTACKER GUARD GC] C0M pos=(14, 40) action=0 move=(0, 0) ability=False
[ATTACKER GUARD GC] SyouTa pos=(15, 40) action=0 move=(0, 0) ability=False
[ATTACKER GUARD GC] Absol pos=(10, 38) action=0 move=(0, 0) ability=False
[ATTACKER GUARD GC] Cryocells pos=(13, 40) action=0 move=(0, 0) ability=False
[ATTACKER GUARD GC] SugarZ3ro pos=(10, 42) action=0 move=(0, 0) ability=False
[ATTACKER GUARD GC] C0M pos=(14, 40) action=0 move=(0, 0) ability=False
[ATTACKER GUARD GC] SyouTa pos=(15, 40) action=0 move=(0, 0) ability=False
[ATTACKER GUARD GC] Absol pos=(10, 38) action=0 move=(0, 0) ability=False
[ATTACKER GUARD GC] Cryocells pos=(13, 40) action=0 move=(0, 0) ability=False
[ATTACKER GUARD GC] SugarZ3ro pos=(10, 42) action=0 move=(0, 0) ability=False
[ATTACKER GUARD GC] C0M pos=(14, 40) action=0 move=(0, 0) ability=False
[ATTACKER GUARD GC] SyouTa pos=(15, 40) action=2 move=(-1, 0) ability=False
[ATTACKER GUARD GC] Absol pos=(10, 38) action=0 move=(0, 0) ability=False
[ATTACKER GUARD GC] Cryocells pos=(13, 40) action=0 move=(0, 0) ability=False
[ATTACKER GUARD GC] SugarZ3ro pos=(10, 42) action=7 move=(0, -1) ability=True
[ATTACKER GUARD GC] C0M pos=(14, 40) action=0 move=(0, 0) ability=False
[ATTACKER GUARD GC] SyouTa pos=(15, 40) action=0 move=(0, 0) ability=False
[ATTACKER GUARD GC] Absol pos=(10, 38) action=0 move=(0, 0) ability=False
[ATTACKER GUARD GC] Cryocells pos=(13, 40) action=0 move=(0, 0) ability=False
[ATTACKER GUARD GC] SugarZ3ro pos=(10, 42) action=0 move=(0, 0) ability=False
[ATTACKER GUARD GC] C0M pos=(14, 40) action=0 move=(0, 0) ability=False
[ATTACKER GUARD GC] SyouTa pos=(15, 40) action=0 move=(0, 0) ability=False
[ATTACKER GUARD GC] Absol pos=(10, 38) action=0 move=(0, 0) ability=False
[ATTACKER GUARD GC] Cryocells pos=(13, 40) action=0 move=(0, 0) ability=False
[ATTACKER GUARD GC] SugarZ3ro pos=(10, 42) action=0 move=(0, 0) ability=False
[ATTACKER GUARD GC] C0M pos=(14, 40) action=0 move=(0, 0) ability=False
[ATTACKER GUARD GC] SyouTa pos=(15, 40) action=0 move=(0, 0) ability=False
[ATTACKER GUARD GC] Absol pos=(10, 38) action=0 move=(0, 0) ability=False
[ATTACKER GUARD GC] Cryocells pos=(13, 40) action=0 move=(0, 0) ability=False
[ATTACKER GUARD GC] SugarZ3ro pos=(10, 42) action=0 move=(0, 0) ability=False
[ATTACKER GUARD GC] C0M pos=(14, 40) action=0 move=(0, 0) ability=False
[ATTACKER GUARD GC] SyouTa pos=(15, 40) action=2 move=(-1, 0) ability=False
[ATTACKER GUARD GC] Absol pos=(10, 38) action=0 move=(0, 0) ability=False
[ATTACKER GUARD GC] Cryocells pos=(13, 40) action=0 move=(0, 0) ability=False
[ATTACKER GUARD GC] SugarZ3ro pos=(10, 42) action=0 move=(0, 0) ability=False
[ATTACKER GUARD GC] C0M pos=(14, 40) action=6 move=(0, -1) ability=False
[ATTACKER GUARD GC] SyouTa pos=(15, 40) action=0 move=(0, 0) ability=False
[ATTACKER GUARD GC] Absol pos=(10, 38) action=0 move=(0, 0) ability=False
[ATTACKER GUARD GC] Cryocells pos=(13, 40) action=0 move=(0, 0) ability=False
[ATTACKER GUARD GC] SugarZ3ro pos=(10, 42) action=0 move=(0, 0) ability=False
[ATTACKER GUARD GC] C0M pos=(14, 39) action=8 move=(0, 1) ability=False
[ATTACKER GUARD GC] SyouTa pos=(15, 40) action=2 move=(-1, 0) ability=False
[ATTACKER GUARD GC] Absol pos=(10, 38) action=0 move=(0, 0) ability=False
[ATTACKER GUARD GC] Cryocells pos=(13, 40) action=0 move=(0, 0) ability=False
[ATTACKER GUARD GC] SugarZ3ro pos=(10, 42) action=0 move=(0, 0) ability=False
[ATTACKER GUARD GC] C0M pos=(14, 40) action=6 move=(0, -1) ability=False
[ATTACKER GUARD GC] SyouTa pos=(15, 40) action=2 move=(-1, 0) ability=False
[ATTACKER GUARD GC] Absol pos=(10, 38) action=0 move=(0, 0) ability=False
[ATTACKER GUARD GC] Cryocells pos=(13, 40) action=0 move=(0, 0) ability=False
[ATTACKER GUARD GC] SugarZ3ro pos=(10, 42) action=0 move=(0, 0) ability=False
[ATTACKER GUARD GC] C0M pos=(14, 39) action=0 move=(0, 0) ability=False
[ATTACKER GUARD GC] SyouTa pos=(14, 40) action=2 move=(-1, 0) ability=False
[ATTACKER GUARD GC] Absol pos=(10, 38) action=0 move=(0, 0) ability=False
[ATTACKER GUARD GC] Cryocells pos=(13, 40) action=2 move=(-1, 0) ability=False
[ATTACKER GUARD GC] SugarZ3ro pos=(10, 42) action=0 move=(0, 0) ability=False
[ATTACKER GUARD GC] C0M pos=(14, 39) action=0 move=(0, 0) ability=False
[ATTACKER GUARD GC] SyouTa pos=(14, 40) action=2 move=(-1, 0) ability=False
[ATTACKER GUARD GC] Absol pos=(10, 38) action=0 move=(0, 0) ability=False
[ATTACKER GUARD GC] Cryocells pos=(12, 40) action=4 move=(1, 0) ability=False
[ATTACKER GUARD GC] SugarZ3ro pos=(10, 42) action=0 move=(0, 0) ability=False
[ATTACKER GUARD GC] C0M pos=(14, 39) action=8 move=(0, 1) ability=False
[ATTACKER GUARD GC] SyouTa pos=(13, 40) action=2 move=(-1, 0) ability=False
[ATTACKER GUARD GC] Absol pos=(10, 38) action=0 move=(0, 0) ability=False
[ATTACKER GUARD GC] Cryocells pos=(12, 40) action=4 move=(1, 0) ability=False
[ATTACKER GUARD GC] SugarZ3ro pos=(10, 42) action=0 move=(0, 0) ability=False
[ATTACKER GUARD GC] C0M pos=(14, 40) action=0 move=(0, 0) ability=False
[ATTACKER GUARD GC] SyouTa pos=(13, 40) action=2 move=(-1, 0) ability=False
[ATTACKER GUARD GC] Absol pos=(10, 38) action=0 move=(0, 0) ability=False
[ATTACKER GUARD GC] Cryocells pos=(12, 40) action=0 move=(0, 0) ability=False
[ATTACKER GUARD GC] SugarZ3ro pos=(10, 42) action=0 move=(0, 0) ability=False
[ATTACKER GUARD GC] C0M pos=(16, 40) action=0 move=(0, 0) ability=False
[ATTACKER GUARD GC] SyouTa pos=(14, 40) action=0 move=(0, 0) ability=False
[ATTACKER GUARD GC] Absol pos=(9, 39) action=4 move=(1, 0) ability=False
[ATTACKER GUARD GC] Cryocells pos=(11, 40) action=4 move=(1, 0) ability=False
[ATTACKER GUARD GC] SugarZ3ro pos=(10, 40) action=4 move=(1, 0) ability=False
[ATTACKER GUARD GC] C0M pos=(16, 40) action=0 move=(0, 0) ability=False
[ATTACKER GUARD GC] SyouTa pos=(14, 40) action=0 move=(0, 0) ability=False
[ATTACKER GUARD GC] Absol pos=(10, 39) action=0 move=(0, 0) ability=False
[ATTACKER GUARD GC] Cryocells pos=(12, 40) action=0 move=(0, 0) ability=False
[ATTACKER GUARD GC] SugarZ3ro pos=(11, 40) action=0 move=(0, 0) ability=False
[ATTACKER GUARD GC] C0M pos=(16, 40) action=0 move=(0, 0) ability=False
[ATTACKER GUARD GC] SyouTa pos=(14, 40) action=0 move=(0, 0) ability=False
[ATTACKER GUARD GC] Absol pos=(10, 39) action=0 move=(0, 0) ability=False
[ATTACKER GUARD GC] Cryocells pos=(12, 40) action=0 move=(0, 0) ability=False
[ATTACKER GUARD GC] SugarZ3ro pos=(11, 40) action=0 move=(0, 0) ability=False
[ATTACKER GUARD GC] C0M pos=(16, 40) action=0 move=(0, 0) ability=False
[ATTACKER GUARD GC] SyouTa pos=(14, 40) action=2 move=(-1, 0) ability=False
[ATTACKER GUARD GC] Absol pos=(10, 39) action=0 move=(0, 0) ability=False
[ATTACKER GUARD GC] Cryocells pos=(12, 40) action=6 move=(0, -1) ability=False
[ATTACKER GUARD GC] SugarZ3ro pos=(11, 40) action=2 move=(-1, 0) ability=False
[ATTACKER GUARD GC] C0M pos=(16, 40) action=2 move=(-1, 0) ability=False
[ATTACKER GUARD GC] SyouTa pos=(13, 40) action=2 move=(-1, 0) ability=False
[ATTACKER GUARD GC] Absol pos=(10, 39) action=0 move=(0, 0) ability=False
[ATTACKER GUARD GC] Cryocells pos=(12, 39) action=0 move=(0, 0) ability=False
[ATTACKER GUARD GC] SugarZ3ro pos=(10, 40) action=0 move=(0, 0) ability=False
[ATTACKER GUARD GC] C0M pos=(15, 40) action=0 move=(0, 0) ability=False
[ATTACKER GUARD GC] SyouTa pos=(12, 40) action=0 move=(0, 0) ability=False
[ATTACKER GUARD GC] Absol pos=(10, 39) action=0 move=(0, 0) ability=False
[ATTACKER GUARD GC] Cryocells pos=(12, 39) action=0 move=(0, 0) ability=False
[ATTACKER GUARD GC] SugarZ3ro pos=(10, 40) action=8 move=(0, 1) ability=False
[ATTACKER GUARD GC] C0M pos=(15, 40) action=0 move=(0, 0) ability=False
[ATTACKER GUARD GC] SyouTa pos=(12, 40) action=0 move=(0, 0) ability=False
[ATTACKER GUARD GC] Cryocells pos=(12, 39) action=0 move=(0, 0) ability=False
[ATTACKER GUARD GC] SugarZ3ro pos=(10, 41) action=0 move=(0, 0) ability=False
[ATTACKER GUARD GC] C0M pos=(14, 39) action=0 move=(0, 0) ability=False
[ATTACKER GUARD GC] SyouTa pos=(10, 40) action=8 move=(0, 1) ability=False
[ATTACKER GUARD GC] Cryocells pos=(12, 40) action=0 move=(0, 0) ability=False
[ATTACKER GUARD GC] SugarZ3ro pos=(10, 41) action=8 move=(0, 1) ability=False
[ATTACKER GUARD GC] C0M pos=(14, 39) action=8 move=(0, 1) ability=False
[ATTACKER GUARD GC] SyouTa pos=(10, 40) action=0 move=(0, 0) ability=False
[ATTACKER GUARD GC] Cryocells pos=(12, 40) action=6 move=(0, -1) ability=False
[ATTACKER GUARD GC] SugarZ3ro pos=(10, 42) action=0 move=(0, 0) ability=False
[ATTACKER GUARD GC] C0M pos=(14, 40) action=6 move=(0, -1) ability=False
[ATTACKER GUARD GC] SyouTa pos=(10, 40) action=0 move=(0, 0) ability=False
[ATTACKER GUARD GC] Cryocells pos=(12, 39) action=8 move=(0, 1) ability=False
[ATTACKER GUARD GC] SugarZ3ro pos=(10, 42) action=0 move=(0, 0) ability=False
[ATTACKER GUARD GC] C0M pos=(14, 39) action=0 move=(0, 0) ability=False
[ATTACKER GUARD GC] SyouTa pos=(10, 40) action=0 move=(0, 0) ability=False
[ATTACKER GUARD GC] Cryocells pos=(12, 40) action=0 move=(0, 0) ability=False
[ATTACKER GUARD GC] SugarZ3ro pos=(10, 42) action=0 move=(0, 0) ability=False
[ATTACKER GUARD GC] C0M pos=(14, 39) action=0 move=(0, 0) ability=False
[ATTACKER GUARD GC] SyouTa pos=(10, 40) action=0 move=(0, 0) ability=False
[ATTACKER GUARD GC] Cryocells pos=(12, 40) action=4 move=(1, 0) ability=False
[ATTACKER GUARD GC] SugarZ3ro pos=(10, 42) action=0 move=(0, 0) ability=False
[ATTACKER GUARD GC] C0M pos=(14, 39) action=0 move=(0, 0) ability=False
[ATTACKER GUARD GC] SyouTa pos=(10, 40) action=0 move=(0, 0) ability=False
[ATTACKER GUARD GC] Cryocells pos=(13, 40) action=0 move=(0, 0) ability=False
[ATTACKER GUARD GC] SugarZ3ro pos=(10, 42) action=0 move=(0, 0) ability=False
[GC Macro] tick=18 ROTATE_A_TO_B -> A_RUSH
[GC Macro] tick=30 A_RUSH -> B_SPLIT
Traceback (most recent call last):
  File "C:\Users\ronet\MyProject\git\AI_dnn\03.game\season_scrim_worker.py", line 103, in main
    result = play_scrim(request)
  File "C:\Users\ronet\MyProject\git\AI_dnn\03.game\season_scrim_worker.py", line 16, in play_scrim
    return _play_scrim(request)
  File "C:\Users\ronet\MyProject\git\AI_dnn\03.game\season_scrim_worker.py", line 64, in _play_scrim
    game.run()
  File "C:\Users\ronet\MyProject\git\AI_dnn\03.game\run_game.py", line 1024, in run
    self.run_headless_loop()
  File "C:\Users\ronet\MyProject\git\AI_dnn\03.game\battle_logic.py", line 1743, in run_headless_loop
    if not self.step_tick():
  File "C:\Users\ronet\MyProject\git\AI_dnn\03.game\battle_logic.py", line 1709, in step_tick
    self.move_character(char)
  File "C:\Users\ronet\MyProject\git\AI_dnn\03.game\battle_logic.py", line 422, in move_character
    return self._move_character_with_rule_facing(char, locked_facing)
  File "C:\Users\ronet\MyProject\git\AI_dnn\03.game\battle_logic.py", line 529, in _move_character_with_rule_facing
    result = self.attacker_controller.decide_move(char, game_state)
  File "C:\Users\ronet\MyProject\git\AI_dnn\03.game\iq_controller_adapter.py", line 78, in decide_move
    result = self.inner.decide_move(perceived_char, perceived_state)
  File "C:\Users\ronet\MyProject\git\AI_dnn\03.game\ghost_champions_v1_macro.py", line 101, in decide_move
    result = self._decide_macro_move(char, game_state)
  File "C:\Users\ronet\MyProject\git\AI_dnn\03.game\ghost_champions_v1_macro.py", line 133, in _decide_macro_move
    base_result = super().decide_move(char, game_state)
  File "C:\Users\ronet\MyProject\git\AI_dnn\03.game\ghost_champions_v1.py", line 251, in decide_move
    result = self._decide_phase_move(char, game_state)
  File "C:\Users\ronet\MyProject\git\AI_dnn\03.game\ghost_champions_v1.py", line 297, in _decide_phase_move
    result = self._use(self.escort,char,game_state)
  File "C:\Users\ronet\MyProject\git\AI_dnn\03.game\ghost_champions_v1.py", line 103, in _use
    return (ctrl or self.fallback).decide_move(char,state)
  File "C:\Users\ronet\MyProject\git\AI_dnn\03.game\gc_v1\learning_attacker_escort_gc.py", line 921, in decide_move
    dr, dc = _MOVE_DELTA[action]
KeyError: 6
